#! /usr/bin/vvp
:ivl_version "12.0 (stable)";
:ivl_delay_selection "TYPICAL";
:vpi_time_precision + 0;
:vpi_module "/usr/lib/x86_64-linux-gnu/ivl/system.vpi";
:vpi_module "/usr/lib/x86_64-linux-gnu/ivl/vhdl_sys.vpi";
:vpi_module "/usr/lib/x86_64-linux-gnu/ivl/vhdl_textio.vpi";
:vpi_module "/usr/lib/x86_64-linux-gnu/ivl/v2005_math.vpi";
:vpi_module "/usr/lib/x86_64-linux-gnu/ivl/va_math.vpi";
:vpi_module "/usr/lib/x86_64-linux-gnu/ivl/v2009.vpi";
S_0x590153c834a0 .scope package, "$unit" "$unit" 2 1;
 .timescale 0 0;
S_0x590153c813e0 .scope module, "accelerator_top" "accelerator_top" 3 1;
 .timescale 0 0;
    .port_info 0 /INPUT 1 "clk";
    .port_info 1 /INPUT 1 "reset";
    .port_info 2 /INPUT 1 "start";
    .port_info 3 /OUTPUT 1 "done";
    .port_info 4 /OUTPUT 512 "result";
P_0x590153cab2a0 .param/l "ACC_WIDTH" 0 3 5, +C4<00000000000000000000000000100000>;
P_0x590153cab2e0 .param/l "DATA_WIDTH" 0 3 3, +C4<00000000000000000000000000001000>;
L_0x590153c90cc0 .functor BUFZ 1, v0x590153cdc630_0, C4<0>, C4<0>, C4<0>;
v0x590153c96b60_0 .array/port v0x590153c96b60, 0;
L_0x590153ce1280 .functor BUFZ 8, v0x590153c96b60_0, C4<00000000>, C4<00000000>, C4<00000000>;
v0x590153c96b60_1 .array/port v0x590153c96b60, 1;
L_0x590153ce13f0 .functor BUFZ 8, v0x590153c96b60_1, C4<00000000>, C4<00000000>, C4<00000000>;
v0x590153c96b60_2 .array/port v0x590153c96b60, 2;
L_0x590153ce14b0 .functor BUFZ 8, v0x590153c96b60_2, C4<00000000>, C4<00000000>, C4<00000000>;
v0x590153c96b60_3 .array/port v0x590153c96b60, 3;
L_0x590153ce1630 .functor BUFZ 8, v0x590153c96b60_3, C4<00000000>, C4<00000000>, C4<00000000>;
v0x590153cdce10_0 .array/port v0x590153cdce10, 0;
L_0x590153ce1740 .functor BUFZ 8, v0x590153cdce10_0, C4<00000000>, C4<00000000>, C4<00000000>;
v0x590153cdce10_1 .array/port v0x590153cdce10, 1;
L_0x590153ce15c0 .functor BUFZ 8, v0x590153cdce10_1, C4<00000000>, C4<00000000>, C4<00000000>;
v0x590153cdce10_2 .array/port v0x590153cdce10, 2;
L_0x590153ce1970 .functor BUFZ 8, v0x590153cdce10_2, C4<00000000>, C4<00000000>, C4<00000000>;
v0x590153cdce10_3 .array/port v0x590153cdce10, 3;
L_0x590153ce1b10 .functor BUFZ 8, v0x590153cdce10_3, C4<00000000>, C4<00000000>, C4<00000000>;
L_0x590153ce1c20 .functor BUFZ 32, v0x590153cc6260_0, C4<00000000000000000000000000000000>, C4<00000000000000000000000000000000>, C4<00000000000000000000000000000000>;
L_0x590153ce1d80 .functor BUFZ 32, v0x590153cc76a0_0, C4<00000000000000000000000000000000>, C4<00000000000000000000000000000000>, C4<00000000000000000000000000000000>;
L_0x590153ce1e40 .functor BUFZ 32, v0x590153cc8a70_0, C4<00000000000000000000000000000000>, C4<00000000000000000000000000000000>, C4<00000000000000000000000000000000>;
L_0x590153ce1fb0 .functor BUFZ 32, v0x590153cc9ee0_0, C4<00000000000000000000000000000000>, C4<00000000000000000000000000000000>, C4<00000000000000000000000000000000>;
L_0x590153ce2070 .functor BUFZ 32, v0x590153ccb580_0, C4<00000000000000000000000000000000>, C4<00000000000000000000000000000000>, C4<00000000000000000000000000000000>;
L_0x590153ce21f0 .functor BUFZ 32, v0x590153ccc8a0_0, C4<00000000000000000000000000000000>, C4<00000000000000000000000000000000>, C4<00000000000000000000000000000000>;
L_0x590153ce22b0 .functor BUFZ 32, v0x590153ccdc20_0, C4<00000000000000000000000000000000>, C4<00000000000000000000000000000000>, C4<00000000000000000000000000000000>;
L_0x590153ce2440 .functor BUFZ 32, v0x590153ccf1b0_0, C4<00000000000000000000000000000000>, C4<00000000000000000000000000000000>, C4<00000000000000000000000000000000>;
L_0x590153ce2500 .functor BUFZ 32, v0x590153cd0910_0, C4<00000000000000000000000000000000>, C4<00000000000000000000000000000000>, C4<00000000000000000000000000000000>;
L_0x590153ce26a0 .functor BUFZ 32, v0x590153cd1b60_0, C4<00000000000000000000000000000000>, C4<00000000000000000000000000000000>, C4<00000000000000000000000000000000>;
L_0x590153ce2760 .functor BUFZ 32, v0x590153cd2ee0_0, C4<00000000000000000000000000000000>, C4<00000000000000000000000000000000>, C4<00000000000000000000000000000000>;
L_0x590153ce2910 .functor BUFZ 32, v0x590153cd4250_0, C4<00000000000000000000000000000000>, C4<00000000000000000000000000000000>, C4<00000000000000000000000000000000>;
L_0x590153ce29d0 .functor BUFZ 32, v0x590153cd58b0_0, C4<00000000000000000000000000000000>, C4<00000000000000000000000000000000>, C4<00000000000000000000000000000000>;
L_0x590153ce2b90 .functor BUFZ 32, v0x590153cd6c20_0, C4<00000000000000000000000000000000>, C4<00000000000000000000000000000000>, C4<00000000000000000000000000000000>;
L_0x590153ce2c50 .functor BUFZ 32, v0x590153cd7fa0_0, C4<00000000000000000000000000000000>, C4<00000000000000000000000000000000>, C4<00000000000000000000000000000000>;
L_0x590153ce2e20 .functor BUFZ 32, v0x590153cd9730_0, C4<00000000000000000000000000000000>, C4<00000000000000000000000000000000>, C4<00000000000000000000000000000000>;
v0x590153cdcf70 .array "activation_data", 3 0;
v0x590153cdcf70_0 .net/s v0x590153cdcf70 0, 7 0, v0x590153c96b60_0; 1 drivers
v0x590153cdcf70_1 .net/s v0x590153cdcf70 1, 7 0, v0x590153c96b60_1; 1 drivers
v0x590153cdcf70_2 .net/s v0x590153cdcf70 2, 7 0, v0x590153c96b60_2; 1 drivers
v0x590153cdcf70_3 .net/s v0x590153cdcf70 3, 7 0, v0x590153c96b60_3; 1 drivers
v0x590153cdd0d0_0 .net "clear_acc", 0 0, v0x590153cdc3b0_0;  1 drivers
o0x7c7d7a0e60d8 .functor BUFZ 1, C4<z>; HiZ drive
v0x590153cdd190_0 .net "clk", 0 0, o0x7c7d7a0e60d8;  0 drivers
v0x590153cdd230_0 .net "compute", 0 0, v0x590153cdc4f0_0;  1 drivers
v0x590153cdd2d0_0 .net "done", 0 0, L_0x590153c90cc0;  1 drivers
v0x590153cdd3c0_0 .net "load_weight", 0 0, v0x590153cdc590_0;  1 drivers
v0x590153cdd4b0_0 .net "output_valid", 0 0, v0x590153cdc630_0;  1 drivers
o0x7c7d7a0e6138 .functor BUFZ 1, C4<z>; HiZ drive
v0x590153cdd550_0 .net "reset", 0 0, o0x7c7d7a0e6138;  0 drivers
v0x590153cdd5f0 .array "result", 15 0;
v0x590153cdd5f0_0 .net/s v0x590153cdd5f0 0, 31 0, L_0x590153ce1c20; 1 drivers
v0x590153cdd5f0_1 .net/s v0x590153cdd5f0 1, 31 0, L_0x590153ce1d80; 1 drivers
v0x590153cdd5f0_2 .net/s v0x590153cdd5f0 2, 31 0, L_0x590153ce1e40; 1 drivers
v0x590153cdd5f0_3 .net/s v0x590153cdd5f0 3, 31 0, L_0x590153ce1fb0; 1 drivers
v0x590153cdd5f0_4 .net/s v0x590153cdd5f0 4, 31 0, L_0x590153ce2070; 1 drivers
v0x590153cdd5f0_5 .net/s v0x590153cdd5f0 5, 31 0, L_0x590153ce21f0; 1 drivers
v0x590153cdd5f0_6 .net/s v0x590153cdd5f0 6, 31 0, L_0x590153ce22b0; 1 drivers
v0x590153cdd5f0_7 .net/s v0x590153cdd5f0 7, 31 0, L_0x590153ce2440; 1 drivers
v0x590153cdd5f0_8 .net/s v0x590153cdd5f0 8, 31 0, L_0x590153ce2500; 1 drivers
v0x590153cdd5f0_9 .net/s v0x590153cdd5f0 9, 31 0, L_0x590153ce26a0; 1 drivers
v0x590153cdd5f0_10 .net/s v0x590153cdd5f0 10, 31 0, L_0x590153ce2760; 1 drivers
v0x590153cdd5f0_11 .net/s v0x590153cdd5f0 11, 31 0, L_0x590153ce2910; 1 drivers
v0x590153cdd5f0_12 .net/s v0x590153cdd5f0 12, 31 0, L_0x590153ce29d0; 1 drivers
v0x590153cdd5f0_13 .net/s v0x590153cdd5f0 13, 31 0, L_0x590153ce2b90; 1 drivers
v0x590153cdd5f0_14 .net/s v0x590153cdd5f0 14, 31 0, L_0x590153ce2c50; 1 drivers
v0x590153cdd5f0_15 .net/s v0x590153cdd5f0 15, 31 0, L_0x590153ce2e20; 1 drivers
o0x7c7d7a0e9708 .functor BUFZ 1, C4<z>; HiZ drive
v0x590153cdd900_0 .net "start", 0 0, o0x7c7d7a0e9708;  0 drivers
v0x590153cdd9a0 .array "weight_data", 3 0;
v0x590153cdd9a0_0 .net/s v0x590153cdd9a0 0, 7 0, v0x590153cdce10_0; 1 drivers
v0x590153cdd9a0_1 .net/s v0x590153cdd9a0 1, 7 0, v0x590153cdce10_1; 1 drivers
v0x590153cdd9a0_2 .net/s v0x590153cdd9a0 2, 7 0, v0x590153cdce10_2; 1 drivers
v0x590153cdd9a0_3 .net/s v0x590153cdd9a0 3, 7 0, v0x590153cdce10_3; 1 drivers
S_0x590153c81c10 .scope module, "activation_mem" "activation_loader" 3 104, 4 1 0, S_0x590153c813e0;
 .timescale 0 0;
    .port_info 0 /INPUT 1 "clk";
    .port_info 1 /INPUT 1 "reset";
    .port_info 2 /INPUT 1 "load";
    .port_info 3 /OUTPUT 32 "activation_out";
P_0x590153c99cb0 .param/l "DATA_WIDTH" 0 4 3, +C4<00000000000000000000000000001000>;
v0x590153c96b60 .array/s "activation_out", 3 0, 7 0;
v0x590153c93ca0_0 .net "clk", 0 0, o0x7c7d7a0e60d8;  alias, 0 drivers
v0x590153c90de0_0 .net "load", 0 0, v0x590153cdc4f0_0;  alias, 1 drivers
v0x590153c8df20_0 .net "reset", 0 0, o0x7c7d7a0e6138;  alias, 0 drivers
E_0x590153c5c450 .event posedge, v0x590153c93ca0_0;
S_0x590153c82440 .scope module, "array_inst" "systolic_array_4x4" 3 133, 5 1 0, S_0x590153c813e0;
 .timescale 0 0;
    .port_info 0 /INPUT 1 "clk";
    .port_info 1 /INPUT 1 "reset";
    .port_info 2 /INPUT 1 "enable";
    .port_info 3 /INPUT 1 "clear_acc";
    .port_info 4 /INPUT 32 "activation_in";
    .port_info 5 /INPUT 32 "weight_in";
    .port_info 6 /OUTPUT 512 "result";
P_0x590153cc48c0 .param/l "ACC_WIDTH" 0 5 4, +C4<00000000000000000000000000100000>;
P_0x590153cc4900 .param/l "DATA_WIDTH" 0 5 3, +C4<00000000000000000000000000001000>;
v0x590153cda870 .array "activation_in", 3 0;
v0x590153cda870_0 .net/s v0x590153cda870 0, 7 0, L_0x590153ce1280; 1 drivers
v0x590153cda870_1 .net/s v0x590153cda870 1, 7 0, L_0x590153ce13f0; 1 drivers
v0x590153cda870_2 .net/s v0x590153cda870 2, 7 0, L_0x590153ce14b0; 1 drivers
v0x590153cda870_3 .net/s v0x590153cda870 3, 7 0, L_0x590153ce1630; 1 drivers
v0x590153cda9e0 .array "activation_wire", 19 0;
v0x590153cda9e0_0 .net/s v0x590153cda9e0 0, 7 0, L_0x590153cde120; 1 drivers
v0x590153cda9e0_1 .net/s v0x590153cda9e0 1, 7 0, v0x590153cc5e90_0; 1 drivers
v0x590153cda9e0_2 .net/s v0x590153cda9e0 2, 7 0, v0x590153cc7250_0; 1 drivers
v0x590153cda9e0_3 .net/s v0x590153cda9e0 3, 7 0, v0x590153cc8650_0; 1 drivers
v0x590153cda9e0_4 .net/s v0x590153cda9e0 4, 7 0, v0x590153cc99f0_0; 1 drivers
v0x590153cda9e0_5 .net/s v0x590153cda9e0 5, 7 0, L_0x590153cde1e0; 1 drivers
v0x590153cda9e0_6 .net/s v0x590153cda9e0 6, 7 0, v0x590153ccb100_0; 1 drivers
v0x590153cda9e0_7 .net/s v0x590153cda9e0 7, 7 0, v0x590153ccc4d0_0; 1 drivers
v0x590153cda9e0_8 .net/s v0x590153cda9e0 8, 7 0, v0x590153ccd850_0; 1 drivers
v0x590153cda9e0_9 .net/s v0x590153cda9e0 9, 7 0, v0x590153ccebc0_0; 1 drivers
v0x590153cda9e0_10 .net/s v0x590153cda9e0 10, 7 0, L_0x590153cde2a0; 1 drivers
v0x590153cda9e0_11 .net/s v0x590153cda9e0 11, 7 0, v0x590153cd0410_0; 1 drivers
v0x590153cda9e0_12 .net/s v0x590153cda9e0 12, 7 0, v0x590153cd1790_0; 1 drivers
v0x590153cda9e0_13 .net/s v0x590153cda9e0 13, 7 0, v0x590153cd2b10_0; 1 drivers
v0x590153cda9e0_14 .net/s v0x590153cda9e0 14, 7 0, v0x590153cd3e80_0; 1 drivers
v0x590153cda9e0_15 .net/s v0x590153cda9e0 15, 7 0, L_0x590153cde360; 1 drivers
v0x590153cda9e0_16 .net/s v0x590153cda9e0 16, 7 0, v0x590153cd54c0_0; 1 drivers
v0x590153cda9e0_17 .net/s v0x590153cda9e0 17, 7 0, v0x590153cd6850_0; 1 drivers
v0x590153cda9e0_18 .net/s v0x590153cda9e0 18, 7 0, v0x590153cd7bd0_0; 1 drivers
v0x590153cda9e0_19 .net/s v0x590153cda9e0 19, 7 0, v0x590153cd8f40_0; 1 drivers
v0x590153cdaf40_0 .net "clear_acc", 0 0, v0x590153cdc3b0_0;  alias, 1 drivers
v0x590153cdb1f0_0 .net "clk", 0 0, o0x7c7d7a0e60d8;  alias, 0 drivers
v0x590153cdb290_0 .net "enable", 0 0, v0x590153cdc4f0_0;  alias, 1 drivers
v0x590153cdb380_0 .net "reset", 0 0, o0x7c7d7a0e6138;  alias, 0 drivers
v0x590153cdb420 .array "result", 15 0;
v0x590153cdb420_0 .net/s v0x590153cdb420 0, 31 0, v0x590153cc6260_0; 1 drivers
v0x590153cdb420_1 .net/s v0x590153cdb420 1, 31 0, v0x590153cc76a0_0; 1 drivers
v0x590153cdb420_2 .net/s v0x590153cdb420 2, 31 0, v0x590153cc8a70_0; 1 drivers
v0x590153cdb420_3 .net/s v0x590153cdb420 3, 31 0, v0x590153cc9ee0_0; 1 drivers
v0x590153cdb420_4 .net/s v0x590153cdb420 4, 31 0, v0x590153ccb580_0; 1 drivers
v0x590153cdb420_5 .net/s v0x590153cdb420 5, 31 0, v0x590153ccc8a0_0; 1 drivers
v0x590153cdb420_6 .net/s v0x590153cdb420 6, 31 0, v0x590153ccdc20_0; 1 drivers
v0x590153cdb420_7 .net/s v0x590153cdb420 7, 31 0, v0x590153ccf1b0_0; 1 drivers
v0x590153cdb420_8 .net/s v0x590153cdb420 8, 31 0, v0x590153cd0910_0; 1 drivers
v0x590153cdb420_9 .net/s v0x590153cdb420 9, 31 0, v0x590153cd1b60_0; 1 drivers
v0x590153cdb420_10 .net/s v0x590153cdb420 10, 31 0, v0x590153cd2ee0_0; 1 drivers
v0x590153cdb420_11 .net/s v0x590153cdb420 11, 31 0, v0x590153cd4250_0; 1 drivers
v0x590153cdb420_12 .net/s v0x590153cdb420 12, 31 0, v0x590153cd58b0_0; 1 drivers
v0x590153cdb420_13 .net/s v0x590153cdb420 13, 31 0, v0x590153cd6c20_0; 1 drivers
v0x590153cdb420_14 .net/s v0x590153cdb420 14, 31 0, v0x590153cd7fa0_0; 1 drivers
v0x590153cdb420_15 .net/s v0x590153cdb420 15, 31 0, v0x590153cd9730_0; 1 drivers
v0x590153cdb760 .array "weight_in", 3 0;
v0x590153cdb760_0 .net/s v0x590153cdb760 0, 7 0, L_0x590153ce1740; 1 drivers
v0x590153cdb760_1 .net/s v0x590153cdb760 1, 7 0, L_0x590153ce15c0; 1 drivers
v0x590153cdb760_2 .net/s v0x590153cdb760 2, 7 0, L_0x590153ce1970; 1 drivers
v0x590153cdb760_3 .net/s v0x590153cdb760 3, 7 0, L_0x590153ce1b10; 1 drivers
v0x590153cdb830 .array "weight_wire", 19 0;
v0x590153cdb830_0 .net/s v0x590153cdb830 0, 7 0, L_0x590153cde420; 1 drivers
v0x590153cdb830_1 .net/s v0x590153cdb830 1, 7 0, L_0x590153cde4e0; 1 drivers
v0x590153cdb830_2 .net/s v0x590153cdb830 2, 7 0, L_0x590153cde5a0; 1 drivers
v0x590153cdb830_3 .net/s v0x590153cdb830 3, 7 0, L_0x590153cde660; 1 drivers
v0x590153cdb830_4 .net/s v0x590153cdb830 4, 7 0, v0x590153cc64d0_0; 1 drivers
v0x590153cdb830_5 .net/s v0x590153cdb830 5, 7 0, v0x590153cc7900_0; 1 drivers
v0x590153cdb830_6 .net/s v0x590153cdb830 6, 7 0, v0x590153cc8cd0_0; 1 drivers
v0x590153cdb830_7 .net/s v0x590153cdb830 7, 7 0, v0x590153cca1d0_0; 1 drivers
v0x590153cdb830_8 .net/s v0x590153cdb830 8, 7 0, v0x590153ccb7c0_0; 1 drivers
v0x590153cdb830_9 .net/s v0x590153cdb830 9, 7 0, v0x590153cccae0_0; 1 drivers
v0x590153cdb830_10 .net/s v0x590153cdb830 10, 7 0, v0x590153ccde60_0; 1 drivers
v0x590153cdb830_11 .net/s v0x590153cdb830 11, 7 0, v0x590153ccf500_0; 1 drivers
v0x590153cdb830_12 .net/s v0x590153cdb830 12, 7 0, v0x590153cd0b50_0; 1 drivers
v0x590153cdb830_13 .net/s v0x590153cdb830 13, 7 0, v0x590153cd1da0_0; 1 drivers
v0x590153cdb830_14 .net/s v0x590153cdb830 14, 7 0, v0x590153cd3120_0; 1 drivers
v0x590153cdb830_15 .net/s v0x590153cdb830 15, 7 0, v0x590153cd4490_0; 1 drivers
v0x590153cdb830_16 .net/s v0x590153cdb830 16, 7 0, v0x590153cd5af0_0; 1 drivers
v0x590153cdb830_17 .net/s v0x590153cdb830 17, 7 0, v0x590153cd6e60_0; 1 drivers
v0x590153cdb830_18 .net/s v0x590153cdb830 18, 7 0, v0x590153cd81e0_0; 1 drivers
v0x590153cdb830_19 .net/s v0x590153cdb830 19, 7 0, v0x590153cd9b80_0; 1 drivers
S_0x590153c82c70 .scope generate, "INPUT[0]" "INPUT[0]" 5 63, 5 63 0, S_0x590153c82440;
 .timescale 0 0;
P_0x590153c9cb70 .param/l "i" 1 5 63, +C4<00>;
L_0x590153cde120 .functor BUFZ 8, L_0x590153ce1280, C4<00000000>, C4<00000000>, C4<00000000>;
S_0x590153cc4be0 .scope generate, "INPUT[1]" "INPUT[1]" 5 63, 5 63 0, S_0x590153c82440;
 .timescale 0 0;
P_0x590153ca28f0 .param/l "i" 1 5 63, +C4<01>;
L_0x590153cde1e0 .functor BUFZ 8, L_0x590153ce13f0, C4<00000000>, C4<00000000>, C4<00000000>;
S_0x590153cc4e00 .scope generate, "INPUT[2]" "INPUT[2]" 5 63, 5 63 0, S_0x590153c82440;
 .timescale 0 0;
P_0x590153c43ec0 .param/l "i" 1 5 63, +C4<010>;
L_0x590153cde2a0 .functor BUFZ 8, L_0x590153ce14b0, C4<00000000>, C4<00000000>, C4<00000000>;
S_0x590153cc5000 .scope generate, "INPUT[3]" "INPUT[3]" 5 63, 5 63 0, S_0x590153c82440;
 .timescale 0 0;
P_0x590153cc51e0 .param/l "i" 1 5 63, +C4<011>;
L_0x590153cde360 .functor BUFZ 8, L_0x590153ce1630, C4<00000000>, C4<00000000>, C4<00000000>;
S_0x590153cc52c0 .scope generate, "ROW[0]" "ROW[0]" 5 118, 5 118 0, S_0x590153c82440;
 .timescale 0 0;
P_0x590153cc54f0 .param/l "row" 1 5 118, +C4<00>;
S_0x590153cc55d0 .scope generate, "COL[0]" "COL[0]" 5 123, 5 123 0, S_0x590153cc52c0;
 .timescale 0 0;
P_0x590153cc57d0 .param/l "col" 1 5 123, +C4<00>;
S_0x590153cc58b0 .scope module, "pe_inst" "pe_unit" 5 137, 6 1 0, S_0x590153cc55d0;
 .timescale 0 0;
    .port_info 0 /INPUT 1 "clk";
    .port_info 1 /INPUT 1 "reset";
    .port_info 2 /INPUT 1 "enable";
    .port_info 3 /INPUT 1 "clear_acc";
    .port_info 4 /INPUT 8 "activation_in";
    .port_info 5 /INPUT 8 "weight_in";
    .port_info 6 /OUTPUT 8 "activation_out";
    .port_info 7 /OUTPUT 8 "weight_out";
    .port_info 8 /OUTPUT 32 "psum_out";
P_0x590153cc49a0 .param/l "ACC_WIDTH" 0 6 4, +C4<00000000000000000000000000100000>;
P_0x590153cc49e0 .param/l "DATA_WIDTH" 0 6 3, +C4<00000000000000000000000000001000>;
v0x590153c8b060_0 .net/s *"_ivl_0", 15 0, L_0x590153cde720;  1 drivers
v0x590153c881a0_0 .net/s *"_ivl_2", 15 0, L_0x590153cde7f0;  1 drivers
v0x590153c85220_0 .var/s "accumulator", 31 0;
v0x590153cc5db0_0 .net/s "activation_in", 7 0, L_0x590153cde120;  alias, 1 drivers
v0x590153cc5e90_0 .var/s "activation_out", 7 0;
v0x590153cc5fc0_0 .net "clear_acc", 0 0, v0x590153cdc3b0_0;  alias, 1 drivers
v0x590153cc6080_0 .net "clk", 0 0, o0x7c7d7a0e60d8;  alias, 0 drivers
v0x590153cc6120_0 .net "enable", 0 0, v0x590153cdc4f0_0;  alias, 1 drivers
v0x590153cc61c0_0 .net/s "product", 15 0, L_0x590153cde8c0;  1 drivers
v0x590153cc6260_0 .var/s "psum_out", 31 0;
v0x590153cc6340_0 .net "reset", 0 0, o0x7c7d7a0e6138;  alias, 0 drivers
v0x590153cc6410_0 .net/s "weight_in", 7 0, L_0x590153cde420;  alias, 1 drivers
v0x590153cc64d0_0 .var/s "weight_out", 7 0;
L_0x590153cde720 .extend/s 16, L_0x590153cde120;
L_0x590153cde7f0 .extend/s 16, L_0x590153cde420;
L_0x590153cde8c0 .arith/mult 16, L_0x590153cde720, L_0x590153cde7f0;
S_0x590153cc66d0 .scope generate, "COL[1]" "COL[1]" 5 123, 5 123 0, S_0x590153cc52c0;
 .timescale 0 0;
P_0x590153cc68a0 .param/l "col" 1 5 123, +C4<01>;
S_0x590153cc6960 .scope module, "pe_inst" "pe_unit" 5 137, 6 1 0, S_0x590153cc66d0;
 .timescale 0 0;
    .port_info 0 /INPUT 1 "clk";
    .port_info 1 /INPUT 1 "reset";
    .port_info 2 /INPUT 1 "enable";
    .port_info 3 /INPUT 1 "clear_acc";
    .port_info 4 /INPUT 8 "activation_in";
    .port_info 5 /INPUT 8 "weight_in";
    .port_info 6 /OUTPUT 8 "activation_out";
    .port_info 7 /OUTPUT 8 "weight_out";
    .port_info 8 /OUTPUT 32 "psum_out";
P_0x590153cc6b40 .param/l "ACC_WIDTH" 0 6 4, +C4<00000000000000000000000000100000>;
P_0x590153cc6b80 .param/l "DATA_WIDTH" 0 6 3, +C4<00000000000000000000000000001000>;
v0x590153cc6e90_0 .net/s *"_ivl_0", 15 0, L_0x590153cdea30;  1 drivers
v0x590153cc6f90_0 .net/s *"_ivl_2", 15 0, L_0x590153cdead0;  1 drivers
v0x590153cc7070_0 .var/s "accumulator", 31 0;
v0x590153cc7160_0 .net/s "activation_in", 7 0, v0x590153cc5e90_0;  alias, 1 drivers
v0x590153cc7250_0 .var/s "activation_out", 7 0;
v0x590153cc7360_0 .net "clear_acc", 0 0, v0x590153cdc3b0_0;  alias, 1 drivers
v0x590153cc7400_0 .net "clk", 0 0, o0x7c7d7a0e60d8;  alias, 0 drivers
v0x590153cc74f0_0 .net "enable", 0 0, v0x590153cdc4f0_0;  alias, 1 drivers
v0x590153cc75e0_0 .net/s "product", 15 0, L_0x590153cdeb70;  1 drivers
v0x590153cc76a0_0 .var/s "psum_out", 31 0;
v0x590153cc7780_0 .net "reset", 0 0, o0x7c7d7a0e6138;  alias, 0 drivers
v0x590153cc7820_0 .net/s "weight_in", 7 0, L_0x590153cde4e0;  alias, 1 drivers
v0x590153cc7900_0 .var/s "weight_out", 7 0;
L_0x590153cdea30 .extend/s 16, v0x590153cc5e90_0;
L_0x590153cdead0 .extend/s 16, L_0x590153cde4e0;
L_0x590153cdeb70 .arith/mult 16, L_0x590153cdea30, L_0x590153cdead0;
S_0x590153cc7b50 .scope generate, "COL[2]" "COL[2]" 5 123, 5 123 0, S_0x590153cc52c0;
 .timescale 0 0;
P_0x590153cc7d00 .param/l "col" 1 5 123, +C4<010>;
S_0x590153cc7dc0 .scope module, "pe_inst" "pe_unit" 5 137, 6 1 0, S_0x590153cc7b50;
 .timescale 0 0;
    .port_info 0 /INPUT 1 "clk";
    .port_info 1 /INPUT 1 "reset";
    .port_info 2 /INPUT 1 "enable";
    .port_info 3 /INPUT 1 "clear_acc";
    .port_info 4 /INPUT 8 "activation_in";
    .port_info 5 /INPUT 8 "weight_in";
    .port_info 6 /OUTPUT 8 "activation_out";
    .port_info 7 /OUTPUT 8 "weight_out";
    .port_info 8 /OUTPUT 32 "psum_out";
P_0x590153cc7fa0 .param/l "ACC_WIDTH" 0 6 4, +C4<00000000000000000000000000100000>;
P_0x590153cc7fe0 .param/l "DATA_WIDTH" 0 6 3, +C4<00000000000000000000000000001000>;
v0x590153cc8290_0 .net/s *"_ivl_0", 15 0, L_0x590153cdece0;  1 drivers
v0x590153cc8390_0 .net/s *"_ivl_2", 15 0, L_0x590153cded80;  1 drivers
v0x590153cc8470_0 .var/s "accumulator", 31 0;
v0x590153cc8560_0 .net/s "activation_in", 7 0, v0x590153cc7250_0;  alias, 1 drivers
v0x590153cc8650_0 .var/s "activation_out", 7 0;
v0x590153cc8760_0 .net "clear_acc", 0 0, v0x590153cdc3b0_0;  alias, 1 drivers
v0x590153cc8850_0 .net "clk", 0 0, o0x7c7d7a0e60d8;  alias, 0 drivers
v0x590153cc88f0_0 .net "enable", 0 0, v0x590153cdc4f0_0;  alias, 1 drivers
v0x590153cc8990_0 .net/s "product", 15 0, L_0x590153cdee20;  1 drivers
v0x590153cc8a70_0 .var/s "psum_out", 31 0;
v0x590153cc8b50_0 .net "reset", 0 0, o0x7c7d7a0e6138;  alias, 0 drivers
v0x590153cc8bf0_0 .net/s "weight_in", 7 0, L_0x590153cde5a0;  alias, 1 drivers
v0x590153cc8cd0_0 .var/s "weight_out", 7 0;
L_0x590153cdece0 .extend/s 16, v0x590153cc7250_0;
L_0x590153cded80 .extend/s 16, L_0x590153cde5a0;
L_0x590153cdee20 .arith/mult 16, L_0x590153cdece0, L_0x590153cded80;
S_0x590153cc8ed0 .scope generate, "COL[3]" "COL[3]" 5 123, 5 123 0, S_0x590153cc52c0;
 .timescale 0 0;
P_0x590153cc9080 .param/l "col" 1 5 123, +C4<011>;
S_0x590153cc9160 .scope module, "pe_inst" "pe_unit" 5 137, 6 1 0, S_0x590153cc8ed0;
 .timescale 0 0;
    .port_info 0 /INPUT 1 "clk";
    .port_info 1 /INPUT 1 "reset";
    .port_info 2 /INPUT 1 "enable";
    .port_info 3 /INPUT 1 "clear_acc";
    .port_info 4 /INPUT 8 "activation_in";
    .port_info 5 /INPUT 8 "weight_in";
    .port_info 6 /OUTPUT 8 "activation_out";
    .port_info 7 /OUTPUT 8 "weight_out";
    .port_info 8 /OUTPUT 32 "psum_out";
P_0x590153cc9340 .param/l "ACC_WIDTH" 0 6 4, +C4<00000000000000000000000000100000>;
P_0x590153cc9380 .param/l "DATA_WIDTH" 0 6 3, +C4<00000000000000000000000000001000>;
v0x590153cc9630_0 .net/s *"_ivl_0", 15 0, L_0x590153cdef90;  1 drivers
v0x590153cc9730_0 .net/s *"_ivl_2", 15 0, L_0x590153cdf030;  1 drivers
v0x590153cc9810_0 .var/s "accumulator", 31 0;
v0x590153cc9900_0 .net/s "activation_in", 7 0, v0x590153cc8650_0;  alias, 1 drivers
v0x590153cc99f0_0 .var/s "activation_out", 7 0;
v0x590153cc9b00_0 .net "clear_acc", 0 0, v0x590153cdc3b0_0;  alias, 1 drivers
v0x590153cc9ba0_0 .net "clk", 0 0, o0x7c7d7a0e60d8;  alias, 0 drivers
v0x590153cc9c40_0 .net "enable", 0 0, v0x590153cdc4f0_0;  alias, 1 drivers
v0x590153cc9d70_0 .net/s "product", 15 0, L_0x590153cdf0d0;  1 drivers
v0x590153cc9ee0_0 .var/s "psum_out", 31 0;
v0x590153cc9fc0_0 .net "reset", 0 0, o0x7c7d7a0e6138;  alias, 0 drivers
v0x590153cca0f0_0 .net/s "weight_in", 7 0, L_0x590153cde660;  alias, 1 drivers
v0x590153cca1d0_0 .var/s "weight_out", 7 0;
L_0x590153cdef90 .extend/s 16, v0x590153cc8650_0;
L_0x590153cdf030 .extend/s 16, L_0x590153cde660;
L_0x590153cdf0d0 .arith/mult 16, L_0x590153cdef90, L_0x590153cdf030;
S_0x590153cca3d0 .scope generate, "ROW[1]" "ROW[1]" 5 118, 5 118 0, S_0x590153c82440;
 .timescale 0 0;
P_0x590153cc9a90 .param/l "row" 1 5 118, +C4<01>;
S_0x590153cca610 .scope generate, "COL[0]" "COL[0]" 5 123, 5 123 0, S_0x590153cca3d0;
 .timescale 0 0;
P_0x590153cc74a0 .param/l "col" 1 5 123, +C4<00>;
S_0x590153cca850 .scope module, "pe_inst" "pe_unit" 5 137, 6 1 0, S_0x590153cca610;
 .timescale 0 0;
    .port_info 0 /INPUT 1 "clk";
    .port_info 1 /INPUT 1 "reset";
    .port_info 2 /INPUT 1 "enable";
    .port_info 3 /INPUT 1 "clear_acc";
    .port_info 4 /INPUT 8 "activation_in";
    .port_info 5 /INPUT 8 "weight_in";
    .port_info 6 /OUTPUT 8 "activation_out";
    .port_info 7 /OUTPUT 8 "weight_out";
    .port_info 8 /OUTPUT 32 "psum_out";
P_0x590153ccaa30 .param/l "ACC_WIDTH" 0 6 4, +C4<00000000000000000000000000100000>;
P_0x590153ccaa70 .param/l "DATA_WIDTH" 0 6 3, +C4<00000000000000000000000000001000>;
v0x590153ccad50_0 .net/s *"_ivl_0", 15 0, L_0x590153cdf240;  1 drivers
v0x590153ccae50_0 .net/s *"_ivl_2", 15 0, L_0x590153cdf2e0;  1 drivers
v0x590153ccaf30_0 .var/s "accumulator", 31 0;
v0x590153ccb020_0 .net/s "activation_in", 7 0, L_0x590153cde1e0;  alias, 1 drivers
v0x590153ccb100_0 .var/s "activation_out", 7 0;
v0x590153ccb230_0 .net "clear_acc", 0 0, v0x590153cdc3b0_0;  alias, 1 drivers
v0x590153ccb2d0_0 .net "clk", 0 0, o0x7c7d7a0e60d8;  alias, 0 drivers
v0x590153ccb370_0 .net "enable", 0 0, v0x590153cdc4f0_0;  alias, 1 drivers
v0x590153ccb410_0 .net/s "product", 15 0, L_0x590153cdf380;  1 drivers
v0x590153ccb580_0 .var/s "psum_out", 31 0;
v0x590153ccb660_0 .net "reset", 0 0, o0x7c7d7a0e6138;  alias, 0 drivers
v0x590153ccb700_0 .net/s "weight_in", 7 0, v0x590153cc64d0_0;  alias, 1 drivers
v0x590153ccb7c0_0 .var/s "weight_out", 7 0;
L_0x590153cdf240 .extend/s 16, L_0x590153cde1e0;
L_0x590153cdf2e0 .extend/s 16, v0x590153cc64d0_0;
L_0x590153cdf380 .arith/mult 16, L_0x590153cdf240, L_0x590153cdf2e0;
S_0x590153ccb9a0 .scope generate, "COL[1]" "COL[1]" 5 123, 5 123 0, S_0x590153cca3d0;
 .timescale 0 0;
P_0x590153cc8800 .param/l "col" 1 5 123, +C4<01>;
S_0x590153ccbbe0 .scope module, "pe_inst" "pe_unit" 5 137, 6 1 0, S_0x590153ccb9a0;
 .timescale 0 0;
    .port_info 0 /INPUT 1 "clk";
    .port_info 1 /INPUT 1 "reset";
    .port_info 2 /INPUT 1 "enable";
    .port_info 3 /INPUT 1 "clear_acc";
    .port_info 4 /INPUT 8 "activation_in";
    .port_info 5 /INPUT 8 "weight_in";
    .port_info 6 /OUTPUT 8 "activation_out";
    .port_info 7 /OUTPUT 8 "weight_out";
    .port_info 8 /OUTPUT 32 "psum_out";
P_0x590153ccbdc0 .param/l "ACC_WIDTH" 0 6 4, +C4<00000000000000000000000000100000>;
P_0x590153ccbe00 .param/l "DATA_WIDTH" 0 6 3, +C4<00000000000000000000000000001000>;
v0x590153ccc110_0 .net/s *"_ivl_0", 15 0, L_0x590153cdf4f0;  1 drivers
v0x590153ccc210_0 .net/s *"_ivl_2", 15 0, L_0x590153cdf590;  1 drivers
v0x590153ccc2f0_0 .var/s "accumulator", 31 0;
v0x590153ccc3e0_0 .net/s "activation_in", 7 0, v0x590153ccb100_0;  alias, 1 drivers
v0x590153ccc4d0_0 .var/s "activation_out", 7 0;
v0x590153ccc5e0_0 .net "clear_acc", 0 0, v0x590153cdc3b0_0;  alias, 1 drivers
v0x590153ccc680_0 .net "clk", 0 0, o0x7c7d7a0e60d8;  alias, 0 drivers
v0x590153ccc720_0 .net "enable", 0 0, v0x590153cdc4f0_0;  alias, 1 drivers
v0x590153ccc7c0_0 .net/s "product", 15 0, L_0x590153cdf630;  1 drivers
v0x590153ccc8a0_0 .var/s "psum_out", 31 0;
v0x590153ccc980_0 .net "reset", 0 0, o0x7c7d7a0e6138;  alias, 0 drivers
v0x590153ccca20_0 .net/s "weight_in", 7 0, v0x590153cc7900_0;  alias, 1 drivers
v0x590153cccae0_0 .var/s "weight_out", 7 0;
L_0x590153cdf4f0 .extend/s 16, v0x590153ccb100_0;
L_0x590153cdf590 .extend/s 16, v0x590153cc7900_0;
L_0x590153cdf630 .arith/mult 16, L_0x590153cdf4f0, L_0x590153cdf590;
S_0x590153ccccc0 .scope generate, "COL[2]" "COL[2]" 5 123, 5 123 0, S_0x590153cca3d0;
 .timescale 0 0;
P_0x590153cccea0 .param/l "col" 1 5 123, +C4<010>;
S_0x590153cccf60 .scope module, "pe_inst" "pe_unit" 5 137, 6 1 0, S_0x590153ccccc0;
 .timescale 0 0;
    .port_info 0 /INPUT 1 "clk";
    .port_info 1 /INPUT 1 "reset";
    .port_info 2 /INPUT 1 "enable";
    .port_info 3 /INPUT 1 "clear_acc";
    .port_info 4 /INPUT 8 "activation_in";
    .port_info 5 /INPUT 8 "weight_in";
    .port_info 6 /OUTPUT 8 "activation_out";
    .port_info 7 /OUTPUT 8 "weight_out";
    .port_info 8 /OUTPUT 32 "psum_out";
P_0x590153ccd140 .param/l "ACC_WIDTH" 0 6 4, +C4<00000000000000000000000000100000>;
P_0x590153ccd180 .param/l "DATA_WIDTH" 0 6 3, +C4<00000000000000000000000000001000>;
v0x590153ccd490_0 .net/s *"_ivl_0", 15 0, L_0x590153cdf7a0;  1 drivers
v0x590153ccd590_0 .net/s *"_ivl_2", 15 0, L_0x590153cdf840;  1 drivers
v0x590153ccd670_0 .var/s "accumulator", 31 0;
v0x590153ccd760_0 .net/s "activation_in", 7 0, v0x590153ccc4d0_0;  alias, 1 drivers
v0x590153ccd850_0 .var/s "activation_out", 7 0;
v0x590153ccd960_0 .net "clear_acc", 0 0, v0x590153cdc3b0_0;  alias, 1 drivers
v0x590153ccda00_0 .net "clk", 0 0, o0x7c7d7a0e60d8;  alias, 0 drivers
v0x590153ccdaa0_0 .net "enable", 0 0, v0x590153cdc4f0_0;  alias, 1 drivers
v0x590153ccdb40_0 .net/s "product", 15 0, L_0x590153cdf8e0;  1 drivers
v0x590153ccdc20_0 .var/s "psum_out", 31 0;
v0x590153ccdd00_0 .net "reset", 0 0, o0x7c7d7a0e6138;  alias, 0 drivers
v0x590153ccdda0_0 .net/s "weight_in", 7 0, v0x590153cc8cd0_0;  alias, 1 drivers
v0x590153ccde60_0 .var/s "weight_out", 7 0;
L_0x590153cdf7a0 .extend/s 16, v0x590153ccc4d0_0;
L_0x590153cdf840 .extend/s 16, v0x590153cc8cd0_0;
L_0x590153cdf8e0 .arith/mult 16, L_0x590153cdf7a0, L_0x590153cdf840;
S_0x590153cce040 .scope generate, "COL[3]" "COL[3]" 5 123, 5 123 0, S_0x590153cca3d0;
 .timescale 0 0;
P_0x590153cce1f0 .param/l "col" 1 5 123, +C4<011>;
S_0x590153cce2d0 .scope module, "pe_inst" "pe_unit" 5 137, 6 1 0, S_0x590153cce040;
 .timescale 0 0;
    .port_info 0 /INPUT 1 "clk";
    .port_info 1 /INPUT 1 "reset";
    .port_info 2 /INPUT 1 "enable";
    .port_info 3 /INPUT 1 "clear_acc";
    .port_info 4 /INPUT 8 "activation_in";
    .port_info 5 /INPUT 8 "weight_in";
    .port_info 6 /OUTPUT 8 "activation_out";
    .port_info 7 /OUTPUT 8 "weight_out";
    .port_info 8 /OUTPUT 32 "psum_out";
P_0x590153cce4b0 .param/l "ACC_WIDTH" 0 6 4, +C4<00000000000000000000000000100000>;
P_0x590153cce4f0 .param/l "DATA_WIDTH" 0 6 3, +C4<00000000000000000000000000001000>;
v0x590153cce800_0 .net/s *"_ivl_0", 15 0, L_0x590153cdfa50;  1 drivers
v0x590153cce900_0 .net/s *"_ivl_2", 15 0, L_0x590153cdfaf0;  1 drivers
v0x590153cce9e0_0 .var/s "accumulator", 31 0;
v0x590153ccead0_0 .net/s "activation_in", 7 0, v0x590153ccd850_0;  alias, 1 drivers
v0x590153ccebc0_0 .var/s "activation_out", 7 0;
v0x590153ccecd0_0 .net "clear_acc", 0 0, v0x590153cdc3b0_0;  alias, 1 drivers
v0x590153cced70_0 .net "clk", 0 0, o0x7c7d7a0e60d8;  alias, 0 drivers
v0x590153ccef20_0 .net "enable", 0 0, v0x590153cdc4f0_0;  alias, 1 drivers
v0x590153ccf0d0_0 .net/s "product", 15 0, L_0x590153cdfb90;  1 drivers
v0x590153ccf1b0_0 .var/s "psum_out", 31 0;
v0x590153ccf290_0 .net "reset", 0 0, o0x7c7d7a0e6138;  alias, 0 drivers
v0x590153ccf440_0 .net/s "weight_in", 7 0, v0x590153cca1d0_0;  alias, 1 drivers
v0x590153ccf500_0 .var/s "weight_out", 7 0;
L_0x590153cdfa50 .extend/s 16, v0x590153ccd850_0;
L_0x590153cdfaf0 .extend/s 16, v0x590153cca1d0_0;
L_0x590153cdfb90 .arith/mult 16, L_0x590153cdfa50, L_0x590153cdfaf0;
S_0x590153ccf6e0 .scope generate, "ROW[2]" "ROW[2]" 5 118, 5 118 0, S_0x590153c82440;
 .timescale 0 0;
P_0x590153ccf890 .param/l "row" 1 5 118, +C4<010>;
S_0x590153ccf970 .scope generate, "COL[0]" "COL[0]" 5 123, 5 123 0, S_0x590153ccf6e0;
 .timescale 0 0;
P_0x590153ccfb70 .param/l "col" 1 5 123, +C4<00>;
S_0x590153ccfc50 .scope module, "pe_inst" "pe_unit" 5 137, 6 1 0, S_0x590153ccf970;
 .timescale 0 0;
    .port_info 0 /INPUT 1 "clk";
    .port_info 1 /INPUT 1 "reset";
    .port_info 2 /INPUT 1 "enable";
    .port_info 3 /INPUT 1 "clear_acc";
    .port_info 4 /INPUT 8 "activation_in";
    .port_info 5 /INPUT 8 "weight_in";
    .port_info 6 /OUTPUT 8 "activation_out";
    .port_info 7 /OUTPUT 8 "weight_out";
    .port_info 8 /OUTPUT 32 "psum_out";
P_0x590153cca060 .param/l "ACC_WIDTH" 0 6 4, +C4<00000000000000000000000000100000>;
P_0x590153cca0a0 .param/l "DATA_WIDTH" 0 6 3, +C4<00000000000000000000000000001000>;
v0x590153cd0060_0 .net/s *"_ivl_0", 15 0, L_0x590153cdfd00;  1 drivers
v0x590153cd0160_0 .net/s *"_ivl_2", 15 0, L_0x590153cdfda0;  1 drivers
v0x590153cd0240_0 .var/s "accumulator", 31 0;
v0x590153cd0330_0 .net/s "activation_in", 7 0, L_0x590153cde2a0;  alias, 1 drivers
v0x590153cd0410_0 .var/s "activation_out", 7 0;
v0x590153cd0540_0 .net "clear_acc", 0 0, v0x590153cdc3b0_0;  alias, 1 drivers
v0x590153cd06f0_0 .net "clk", 0 0, o0x7c7d7a0e60d8;  alias, 0 drivers
v0x590153cd0790_0 .net "enable", 0 0, v0x590153cdc4f0_0;  alias, 1 drivers
v0x590153cd0830_0 .net/s "product", 15 0, L_0x590153cdfe40;  1 drivers
v0x590153cd0910_0 .var/s "psum_out", 31 0;
v0x590153cd09f0_0 .net "reset", 0 0, o0x7c7d7a0e6138;  alias, 0 drivers
v0x590153cd0a90_0 .net/s "weight_in", 7 0, v0x590153ccb7c0_0;  alias, 1 drivers
v0x590153cd0b50_0 .var/s "weight_out", 7 0;
L_0x590153cdfd00 .extend/s 16, L_0x590153cde2a0;
L_0x590153cdfda0 .extend/s 16, v0x590153ccb7c0_0;
L_0x590153cdfe40 .arith/mult 16, L_0x590153cdfd00, L_0x590153cdfda0;
S_0x590153cd0d30 .scope generate, "COL[1]" "COL[1]" 5 123, 5 123 0, S_0x590153ccf6e0;
 .timescale 0 0;
P_0x590153cd0f00 .param/l "col" 1 5 123, +C4<01>;
S_0x590153cd0fc0 .scope module, "pe_inst" "pe_unit" 5 137, 6 1 0, S_0x590153cd0d30;
 .timescale 0 0;
    .port_info 0 /INPUT 1 "clk";
    .port_info 1 /INPUT 1 "reset";
    .port_info 2 /INPUT 1 "enable";
    .port_info 3 /INPUT 1 "clear_acc";
    .port_info 4 /INPUT 8 "activation_in";
    .port_info 5 /INPUT 8 "weight_in";
    .port_info 6 /OUTPUT 8 "activation_out";
    .port_info 7 /OUTPUT 8 "weight_out";
    .port_info 8 /OUTPUT 32 "psum_out";
P_0x590153cc9420 .param/l "ACC_WIDTH" 0 6 4, +C4<00000000000000000000000000100000>;
P_0x590153cc9460 .param/l "DATA_WIDTH" 0 6 3, +C4<00000000000000000000000000001000>;
v0x590153cd13d0_0 .net/s *"_ivl_0", 15 0, L_0x590153cdffb0;  1 drivers
v0x590153cd14d0_0 .net/s *"_ivl_2", 15 0, L_0x590153ce0050;  1 drivers
v0x590153cd15b0_0 .var/s "accumulator", 31 0;
v0x590153cd16a0_0 .net/s "activation_in", 7 0, v0x590153cd0410_0;  alias, 1 drivers
v0x590153cd1790_0 .var/s "activation_out", 7 0;
v0x590153cd18a0_0 .net "clear_acc", 0 0, v0x590153cdc3b0_0;  alias, 1 drivers
v0x590153cd1940_0 .net "clk", 0 0, o0x7c7d7a0e60d8;  alias, 0 drivers
v0x590153cd19e0_0 .net "enable", 0 0, v0x590153cdc4f0_0;  alias, 1 drivers
v0x590153cd1a80_0 .net/s "product", 15 0, L_0x590153ce00f0;  1 drivers
v0x590153cd1b60_0 .var/s "psum_out", 31 0;
v0x590153cd1c40_0 .net "reset", 0 0, o0x7c7d7a0e6138;  alias, 0 drivers
v0x590153cd1ce0_0 .net/s "weight_in", 7 0, v0x590153cccae0_0;  alias, 1 drivers
v0x590153cd1da0_0 .var/s "weight_out", 7 0;
L_0x590153cdffb0 .extend/s 16, v0x590153cd0410_0;
L_0x590153ce0050 .extend/s 16, v0x590153cccae0_0;
L_0x590153ce00f0 .arith/mult 16, L_0x590153cdffb0, L_0x590153ce0050;
S_0x590153cd1f80 .scope generate, "COL[2]" "COL[2]" 5 123, 5 123 0, S_0x590153ccf6e0;
 .timescale 0 0;
P_0x590153cd2160 .param/l "col" 1 5 123, +C4<010>;
S_0x590153cd2220 .scope module, "pe_inst" "pe_unit" 5 137, 6 1 0, S_0x590153cd1f80;
 .timescale 0 0;
    .port_info 0 /INPUT 1 "clk";
    .port_info 1 /INPUT 1 "reset";
    .port_info 2 /INPUT 1 "enable";
    .port_info 3 /INPUT 1 "clear_acc";
    .port_info 4 /INPUT 8 "activation_in";
    .port_info 5 /INPUT 8 "weight_in";
    .port_info 6 /OUTPUT 8 "activation_out";
    .port_info 7 /OUTPUT 8 "weight_out";
    .port_info 8 /OUTPUT 32 "psum_out";
P_0x590153cd2400 .param/l "ACC_WIDTH" 0 6 4, +C4<00000000000000000000000000100000>;
P_0x590153cd2440 .param/l "DATA_WIDTH" 0 6 3, +C4<00000000000000000000000000001000>;
v0x590153cd2750_0 .net/s *"_ivl_0", 15 0, L_0x590153ce0260;  1 drivers
v0x590153cd2850_0 .net/s *"_ivl_2", 15 0, L_0x590153ce0300;  1 drivers
v0x590153cd2930_0 .var/s "accumulator", 31 0;
v0x590153cd2a20_0 .net/s "activation_in", 7 0, v0x590153cd1790_0;  alias, 1 drivers
v0x590153cd2b10_0 .var/s "activation_out", 7 0;
v0x590153cd2c20_0 .net "clear_acc", 0 0, v0x590153cdc3b0_0;  alias, 1 drivers
v0x590153cd2cc0_0 .net "clk", 0 0, o0x7c7d7a0e60d8;  alias, 0 drivers
v0x590153cd2d60_0 .net "enable", 0 0, v0x590153cdc4f0_0;  alias, 1 drivers
v0x590153cd2e00_0 .net/s "product", 15 0, L_0x590153ce03a0;  1 drivers
v0x590153cd2ee0_0 .var/s "psum_out", 31 0;
v0x590153cd2fc0_0 .net "reset", 0 0, o0x7c7d7a0e6138;  alias, 0 drivers
v0x590153cd3060_0 .net/s "weight_in", 7 0, v0x590153ccde60_0;  alias, 1 drivers
v0x590153cd3120_0 .var/s "weight_out", 7 0;
L_0x590153ce0260 .extend/s 16, v0x590153cd1790_0;
L_0x590153ce0300 .extend/s 16, v0x590153ccde60_0;
L_0x590153ce03a0 .arith/mult 16, L_0x590153ce0260, L_0x590153ce0300;
S_0x590153cd3300 .scope generate, "COL[3]" "COL[3]" 5 123, 5 123 0, S_0x590153ccf6e0;
 .timescale 0 0;
P_0x590153cd34b0 .param/l "col" 1 5 123, +C4<011>;
S_0x590153cd3590 .scope module, "pe_inst" "pe_unit" 5 137, 6 1 0, S_0x590153cd3300;
 .timescale 0 0;
    .port_info 0 /INPUT 1 "clk";
    .port_info 1 /INPUT 1 "reset";
    .port_info 2 /INPUT 1 "enable";
    .port_info 3 /INPUT 1 "clear_acc";
    .port_info 4 /INPUT 8 "activation_in";
    .port_info 5 /INPUT 8 "weight_in";
    .port_info 6 /OUTPUT 8 "activation_out";
    .port_info 7 /OUTPUT 8 "weight_out";
    .port_info 8 /OUTPUT 32 "psum_out";
P_0x590153cd3770 .param/l "ACC_WIDTH" 0 6 4, +C4<00000000000000000000000000100000>;
P_0x590153cd37b0 .param/l "DATA_WIDTH" 0 6 3, +C4<00000000000000000000000000001000>;
v0x590153cd3ac0_0 .net/s *"_ivl_0", 15 0, L_0x590153ce0510;  1 drivers
v0x590153cd3bc0_0 .net/s *"_ivl_2", 15 0, L_0x590153ce05b0;  1 drivers
v0x590153cd3ca0_0 .var/s "accumulator", 31 0;
v0x590153cd3d90_0 .net/s "activation_in", 7 0, v0x590153cd2b10_0;  alias, 1 drivers
v0x590153cd3e80_0 .var/s "activation_out", 7 0;
v0x590153cd3f90_0 .net "clear_acc", 0 0, v0x590153cdc3b0_0;  alias, 1 drivers
v0x590153cd4030_0 .net "clk", 0 0, o0x7c7d7a0e60d8;  alias, 0 drivers
v0x590153cd40d0_0 .net "enable", 0 0, v0x590153cdc4f0_0;  alias, 1 drivers
v0x590153cd4170_0 .net/s "product", 15 0, L_0x590153ce0650;  1 drivers
v0x590153cd4250_0 .var/s "psum_out", 31 0;
v0x590153cd4330_0 .net "reset", 0 0, o0x7c7d7a0e6138;  alias, 0 drivers
v0x590153cd43d0_0 .net/s "weight_in", 7 0, v0x590153ccf500_0;  alias, 1 drivers
v0x590153cd4490_0 .var/s "weight_out", 7 0;
L_0x590153ce0510 .extend/s 16, v0x590153cd2b10_0;
L_0x590153ce05b0 .extend/s 16, v0x590153ccf500_0;
L_0x590153ce0650 .arith/mult 16, L_0x590153ce0510, L_0x590153ce05b0;
S_0x590153cd4670 .scope generate, "ROW[3]" "ROW[3]" 5 118, 5 118 0, S_0x590153c82440;
 .timescale 0 0;
P_0x590153cd4820 .param/l "row" 1 5 118, +C4<011>;
S_0x590153cd4900 .scope generate, "COL[0]" "COL[0]" 5 123, 5 123 0, S_0x590153cd4670;
 .timescale 0 0;
P_0x590153cd4b00 .param/l "col" 1 5 123, +C4<00>;
S_0x590153cd4be0 .scope module, "pe_inst" "pe_unit" 5 137, 6 1 0, S_0x590153cd4900;
 .timescale 0 0;
    .port_info 0 /INPUT 1 "clk";
    .port_info 1 /INPUT 1 "reset";
    .port_info 2 /INPUT 1 "enable";
    .port_info 3 /INPUT 1 "clear_acc";
    .port_info 4 /INPUT 8 "activation_in";
    .port_info 5 /INPUT 8 "weight_in";
    .port_info 6 /OUTPUT 8 "activation_out";
    .port_info 7 /OUTPUT 8 "weight_out";
    .port_info 8 /OUTPUT 32 "psum_out";
P_0x590153cd4dc0 .param/l "ACC_WIDTH" 0 6 4, +C4<00000000000000000000000000100000>;
P_0x590153cd4e00 .param/l "DATA_WIDTH" 0 6 3, +C4<00000000000000000000000000001000>;
v0x590153cd5110_0 .net/s *"_ivl_0", 15 0, L_0x590153ce07c0;  1 drivers
v0x590153cd5210_0 .net/s *"_ivl_2", 15 0, L_0x590153ce0860;  1 drivers
v0x590153cd52f0_0 .var/s "accumulator", 31 0;
v0x590153cd53e0_0 .net/s "activation_in", 7 0, L_0x590153cde360;  alias, 1 drivers
v0x590153cd54c0_0 .var/s "activation_out", 7 0;
v0x590153cd55f0_0 .net "clear_acc", 0 0, v0x590153cdc3b0_0;  alias, 1 drivers
v0x590153cd5690_0 .net "clk", 0 0, o0x7c7d7a0e60d8;  alias, 0 drivers
v0x590153cd5730_0 .net "enable", 0 0, v0x590153cdc4f0_0;  alias, 1 drivers
v0x590153cd57d0_0 .net/s "product", 15 0, L_0x590153ce0900;  1 drivers
v0x590153cd58b0_0 .var/s "psum_out", 31 0;
v0x590153cd5990_0 .net "reset", 0 0, o0x7c7d7a0e6138;  alias, 0 drivers
v0x590153cd5a30_0 .net/s "weight_in", 7 0, v0x590153cd0b50_0;  alias, 1 drivers
v0x590153cd5af0_0 .var/s "weight_out", 7 0;
L_0x590153ce07c0 .extend/s 16, L_0x590153cde360;
L_0x590153ce0860 .extend/s 16, v0x590153cd0b50_0;
L_0x590153ce0900 .arith/mult 16, L_0x590153ce07c0, L_0x590153ce0860;
S_0x590153cd5cd0 .scope generate, "COL[1]" "COL[1]" 5 123, 5 123 0, S_0x590153cd4670;
 .timescale 0 0;
P_0x590153cd5ea0 .param/l "col" 1 5 123, +C4<01>;
S_0x590153cd5f60 .scope module, "pe_inst" "pe_unit" 5 137, 6 1 0, S_0x590153cd5cd0;
 .timescale 0 0;
    .port_info 0 /INPUT 1 "clk";
    .port_info 1 /INPUT 1 "reset";
    .port_info 2 /INPUT 1 "enable";
    .port_info 3 /INPUT 1 "clear_acc";
    .port_info 4 /INPUT 8 "activation_in";
    .port_info 5 /INPUT 8 "weight_in";
    .port_info 6 /OUTPUT 8 "activation_out";
    .port_info 7 /OUTPUT 8 "weight_out";
    .port_info 8 /OUTPUT 32 "psum_out";
P_0x590153cd6140 .param/l "ACC_WIDTH" 0 6 4, +C4<00000000000000000000000000100000>;
P_0x590153cd6180 .param/l "DATA_WIDTH" 0 6 3, +C4<00000000000000000000000000001000>;
v0x590153cd6490_0 .net/s *"_ivl_0", 15 0, L_0x590153ce0a70;  1 drivers
v0x590153cd6590_0 .net/s *"_ivl_2", 15 0, L_0x590153ce0b10;  1 drivers
v0x590153cd6670_0 .var/s "accumulator", 31 0;
v0x590153cd6760_0 .net/s "activation_in", 7 0, v0x590153cd54c0_0;  alias, 1 drivers
v0x590153cd6850_0 .var/s "activation_out", 7 0;
v0x590153cd6960_0 .net "clear_acc", 0 0, v0x590153cdc3b0_0;  alias, 1 drivers
v0x590153cd6a00_0 .net "clk", 0 0, o0x7c7d7a0e60d8;  alias, 0 drivers
v0x590153cd6aa0_0 .net "enable", 0 0, v0x590153cdc4f0_0;  alias, 1 drivers
v0x590153cd6b40_0 .net/s "product", 15 0, L_0x590153ce0bb0;  1 drivers
v0x590153cd6c20_0 .var/s "psum_out", 31 0;
v0x590153cd6d00_0 .net "reset", 0 0, o0x7c7d7a0e6138;  alias, 0 drivers
v0x590153cd6da0_0 .net/s "weight_in", 7 0, v0x590153cd1da0_0;  alias, 1 drivers
v0x590153cd6e60_0 .var/s "weight_out", 7 0;
L_0x590153ce0a70 .extend/s 16, v0x590153cd54c0_0;
L_0x590153ce0b10 .extend/s 16, v0x590153cd1da0_0;
L_0x590153ce0bb0 .arith/mult 16, L_0x590153ce0a70, L_0x590153ce0b10;
S_0x590153cd7040 .scope generate, "COL[2]" "COL[2]" 5 123, 5 123 0, S_0x590153cd4670;
 .timescale 0 0;
P_0x590153cd7220 .param/l "col" 1 5 123, +C4<010>;
S_0x590153cd72e0 .scope module, "pe_inst" "pe_unit" 5 137, 6 1 0, S_0x590153cd7040;
 .timescale 0 0;
    .port_info 0 /INPUT 1 "clk";
    .port_info 1 /INPUT 1 "reset";
    .port_info 2 /INPUT 1 "enable";
    .port_info 3 /INPUT 1 "clear_acc";
    .port_info 4 /INPUT 8 "activation_in";
    .port_info 5 /INPUT 8 "weight_in";
    .port_info 6 /OUTPUT 8 "activation_out";
    .port_info 7 /OUTPUT 8 "weight_out";
    .port_info 8 /OUTPUT 32 "psum_out";
P_0x590153cd74c0 .param/l "ACC_WIDTH" 0 6 4, +C4<00000000000000000000000000100000>;
P_0x590153cd7500 .param/l "DATA_WIDTH" 0 6 3, +C4<00000000000000000000000000001000>;
v0x590153cd7810_0 .net/s *"_ivl_0", 15 0, L_0x590153ce0d20;  1 drivers
v0x590153cd7910_0 .net/s *"_ivl_2", 15 0, L_0x590153ce0dc0;  1 drivers
v0x590153cd79f0_0 .var/s "accumulator", 31 0;
v0x590153cd7ae0_0 .net/s "activation_in", 7 0, v0x590153cd6850_0;  alias, 1 drivers
v0x590153cd7bd0_0 .var/s "activation_out", 7 0;
v0x590153cd7ce0_0 .net "clear_acc", 0 0, v0x590153cdc3b0_0;  alias, 1 drivers
v0x590153cd7d80_0 .net "clk", 0 0, o0x7c7d7a0e60d8;  alias, 0 drivers
v0x590153cd7e20_0 .net "enable", 0 0, v0x590153cdc4f0_0;  alias, 1 drivers
v0x590153cd7ec0_0 .net/s "product", 15 0, L_0x590153ce0e60;  1 drivers
v0x590153cd7fa0_0 .var/s "psum_out", 31 0;
v0x590153cd8080_0 .net "reset", 0 0, o0x7c7d7a0e6138;  alias, 0 drivers
v0x590153cd8120_0 .net/s "weight_in", 7 0, v0x590153cd3120_0;  alias, 1 drivers
v0x590153cd81e0_0 .var/s "weight_out", 7 0;
L_0x590153ce0d20 .extend/s 16, v0x590153cd6850_0;
L_0x590153ce0dc0 .extend/s 16, v0x590153cd3120_0;
L_0x590153ce0e60 .arith/mult 16, L_0x590153ce0d20, L_0x590153ce0dc0;
S_0x590153cd83c0 .scope generate, "COL[3]" "COL[3]" 5 123, 5 123 0, S_0x590153cd4670;
 .timescale 0 0;
P_0x590153cd8570 .param/l "col" 1 5 123, +C4<011>;
S_0x590153cd8650 .scope module, "pe_inst" "pe_unit" 5 137, 6 1 0, S_0x590153cd83c0;
 .timescale 0 0;
    .port_info 0 /INPUT 1 "clk";
    .port_info 1 /INPUT 1 "reset";
    .port_info 2 /INPUT 1 "enable";
    .port_info 3 /INPUT 1 "clear_acc";
    .port_info 4 /INPUT 8 "activation_in";
    .port_info 5 /INPUT 8 "weight_in";
    .port_info 6 /OUTPUT 8 "activation_out";
    .port_info 7 /OUTPUT 8 "weight_out";
    .port_info 8 /OUTPUT 32 "psum_out";
P_0x590153cd8830 .param/l "ACC_WIDTH" 0 6 4, +C4<00000000000000000000000000100000>;
P_0x590153cd8870 .param/l "DATA_WIDTH" 0 6 3, +C4<00000000000000000000000000001000>;
v0x590153cd8b80_0 .net/s *"_ivl_0", 15 0, L_0x590153ce0fd0;  1 drivers
v0x590153cd8c80_0 .net/s *"_ivl_2", 15 0, L_0x590153ce1070;  1 drivers
v0x590153cd8d60_0 .var/s "accumulator", 31 0;
v0x590153cd8e50_0 .net/s "activation_in", 7 0, v0x590153cd7bd0_0;  alias, 1 drivers
v0x590153cd8f40_0 .var/s "activation_out", 7 0;
v0x590153cd9050_0 .net "clear_acc", 0 0, v0x590153cdc3b0_0;  alias, 1 drivers
v0x590153cd90f0_0 .net "clk", 0 0, o0x7c7d7a0e60d8;  alias, 0 drivers
v0x590153cd93a0_0 .net "enable", 0 0, v0x590153cdc4f0_0;  alias, 1 drivers
v0x590153cd9650_0 .net/s "product", 15 0, L_0x590153ce1110;  1 drivers
v0x590153cd9730_0 .var/s "psum_out", 31 0;
v0x590153cd9810_0 .net "reset", 0 0, o0x7c7d7a0e6138;  alias, 0 drivers
v0x590153cd9ac0_0 .net/s "weight_in", 7 0, v0x590153cd4490_0;  alias, 1 drivers
v0x590153cd9b80_0 .var/s "weight_out", 7 0;
L_0x590153ce0fd0 .extend/s 16, v0x590153cd7bd0_0;
L_0x590153ce1070 .extend/s 16, v0x590153cd4490_0;
L_0x590153ce1110 .arith/mult 16, L_0x590153ce0fd0, L_0x590153ce1070;
S_0x590153cd9d60 .scope generate, "WEIGHT_INPUT[0]" "WEIGHT_INPUT[0]" 5 86, 5 86 0, S_0x590153c82440;
 .timescale 0 0;
P_0x590153cc54a0 .param/l "c" 1 5 86, +C4<00>;
L_0x590153cde420 .functor BUFZ 8, L_0x590153ce1740, C4<00000000>, C4<00000000>, C4<00000000>;
S_0x590153cda030 .scope generate, "WEIGHT_INPUT[1]" "WEIGHT_INPUT[1]" 5 86, 5 86 0, S_0x590153c82440;
 .timescale 0 0;
P_0x590153cda210 .param/l "c" 1 5 86, +C4<01>;
L_0x590153cde4e0 .functor BUFZ 8, L_0x590153ce15c0, C4<00000000>, C4<00000000>, C4<00000000>;
S_0x590153cda2f0 .scope generate, "WEIGHT_INPUT[2]" "WEIGHT_INPUT[2]" 5 86, 5 86 0, S_0x590153c82440;
 .timescale 0 0;
P_0x590153cda4d0 .param/l "c" 1 5 86, +C4<010>;
L_0x590153cde5a0 .functor BUFZ 8, L_0x590153ce1970, C4<00000000>, C4<00000000>, C4<00000000>;
S_0x590153cda5b0 .scope generate, "WEIGHT_INPUT[3]" "WEIGHT_INPUT[3]" 5 86, 5 86 0, S_0x590153c82440;
 .timescale 0 0;
P_0x590153cda790 .param/l "c" 1 5 86, +C4<011>;
L_0x590153cde660 .functor BUFZ 8, L_0x590153ce1b10, C4<00000000>, C4<00000000>, C4<00000000>;
S_0x590153cdbe40 .scope module, "ctrl" "controller_fsm" 3 42, 7 1 0, S_0x590153c813e0;
 .timescale 0 0;
    .port_info 0 /INPUT 1 "clk";
    .port_info 1 /INPUT 1 "reset";
    .port_info 2 /INPUT 1 "start";
    .port_info 3 /OUTPUT 1 "load_weight";
    .port_info 4 /OUTPUT 1 "compute";
    .port_info 5 /OUTPUT 1 "output_valid";
    .port_info 6 /OUTPUT 1 "clear_acc";
P_0x590153cdc020 .param/l "CLEAR" 0 7 32, C4<100>;
P_0x590153cdc060 .param/l "COMPUTE" 0 7 28, C4<010>;
P_0x590153cdc0a0 .param/l "IDLE" 0 7 24, C4<000>;
P_0x590153cdc0e0 .param/l "LOAD_WEIGHT" 0 7 26, C4<001>;
P_0x590153cdc120 .param/l "OUTPUT" 0 7 30, C4<011>;
v0x590153cdc3b0_0 .var "clear_acc", 0 0;
v0x590153cdc450_0 .net "clk", 0 0, o0x7c7d7a0e60d8;  alias, 0 drivers
v0x590153cdc4f0_0 .var "compute", 0 0;
v0x590153cdc590_0 .var "load_weight", 0 0;
v0x590153cdc630_0 .var "output_valid", 0 0;
v0x590153cdc720_0 .net "reset", 0 0, o0x7c7d7a0e6138;  alias, 0 drivers
v0x590153cdc7c0_0 .net "start", 0 0, o0x7c7d7a0e9708;  alias, 0 drivers
v0x590153cdc860_0 .var "state", 2 0;
E_0x590153c7eca0 .event anyedge, v0x590153cdc860_0;
S_0x590153cdc900 .scope module, "weight_mem" "weight_loader" 3 78, 8 1 0, S_0x590153c813e0;
 .timescale 0 0;
    .port_info 0 /INPUT 1 "clk";
    .port_info 1 /INPUT 1 "reset";
    .port_info 2 /INPUT 1 "load";
    .port_info 3 /OUTPUT 32 "weight_out";
P_0x590153cdcae0 .param/l "DATA_WIDTH" 0 8 3, +C4<00000000000000000000000000001000>;
v0x590153cdcc10_0 .net "clk", 0 0, o0x7c7d7a0e60d8;  alias, 0 drivers
v0x590153cdccb0_0 .net "load", 0 0, v0x590153cdc590_0;  alias, 1 drivers
v0x590153cdcd70_0 .net "reset", 0 0, o0x7c7d7a0e6138;  alias, 0 drivers
v0x590153cdce10 .array/s "weight_out", 3 0, 7 0;
    .scope S_0x590153cdbe40;
T_0 ;
    %wait E_0x590153c5c450;
    %load/vec4 v0x590153cdc720_0;
    %flag_set/vec4 8;
    %jmp/0xz  T_0.0, 8;
    %pushi/vec4 0, 0, 3;
    %assign/vec4 v0x590153cdc860_0, 0;
    %jmp T_0.1;
T_0.0 ;
    %load/vec4 v0x590153cdc860_0;
    %dup/vec4;
    %pushi/vec4 0, 0, 3;
    %cmp/u;
    %jmp/1 T_0.2, 6;
    %dup/vec4;
    %pushi/vec4 1, 0, 3;
    %cmp/u;
    %jmp/1 T_0.3, 6;
    %dup/vec4;
    %pushi/vec4 2, 0, 3;
    %cmp/u;
    %jmp/1 T_0.4, 6;
    %dup/vec4;
    %pushi/vec4 3, 0, 3;
    %cmp/u;
    %jmp/1 T_0.5, 6;
    %dup/vec4;
    %pushi/vec4 4, 0, 3;
    %cmp/u;
    %jmp/1 T_0.6, 6;
    %pushi/vec4 0, 0, 3;
    %assign/vec4 v0x590153cdc860_0, 0;
    %jmp T_0.8;
T_0.2 ;
    %load/vec4 v0x590153cdc7c0_0;
    %flag_set/vec4 8;
    %jmp/0xz  T_0.9, 8;
    %pushi/vec4 1, 0, 3;
    %assign/vec4 v0x590153cdc860_0, 0;
T_0.9 ;
    %jmp T_0.8;
T_0.3 ;
    %pushi/vec4 2, 0, 3;
    %assign/vec4 v0x590153cdc860_0, 0;
    %jmp T_0.8;
T_0.4 ;
    %pushi/vec4 3, 0, 3;
    %assign/vec4 v0x590153cdc860_0, 0;
    %jmp T_0.8;
T_0.5 ;
    %pushi/vec4 4, 0, 3;
    %assign/vec4 v0x590153cdc860_0, 0;
    %jmp T_0.8;
T_0.6 ;
    %pushi/vec4 0, 0, 3;
    %assign/vec4 v0x590153cdc860_0, 0;
    %jmp T_0.8;
T_0.8 ;
    %pop/vec4 1;
T_0.1 ;
    %jmp T_0;
    .thread T_0;
    .scope S_0x590153cdbe40;
T_1 ;
    %wait E_0x590153c7eca0;
    %pushi/vec4 0, 0, 1;
    %store/vec4 v0x590153cdc590_0, 0, 1;
    %pushi/vec4 0, 0, 1;
    %store/vec4 v0x590153cdc4f0_0, 0, 1;
    %pushi/vec4 0, 0, 1;
    %store/vec4 v0x590153cdc630_0, 0, 1;
    %pushi/vec4 0, 0, 1;
    %store/vec4 v0x590153cdc3b0_0, 0, 1;
    %load/vec4 v0x590153cdc860_0;
    %dup/vec4;
    %pushi/vec4 1, 0, 3;
    %cmp/u;
    %jmp/1 T_1.0, 6;
    %dup/vec4;
    %pushi/vec4 2, 0, 3;
    %cmp/u;
    %jmp/1 T_1.1, 6;
    %dup/vec4;
    %pushi/vec4 3, 0, 3;
    %cmp/u;
    %jmp/1 T_1.2, 6;
    %dup/vec4;
    %pushi/vec4 4, 0, 3;
    %cmp/u;
    %jmp/1 T_1.3, 6;
    %jmp T_1.4;
T_1.0 ;
    %pushi/vec4 1, 0, 1;
    %store/vec4 v0x590153cdc590_0, 0, 1;
    %jmp T_1.4;
T_1.1 ;
    %pushi/vec4 1, 0, 1;
    %store/vec4 v0x590153cdc4f0_0, 0, 1;
    %jmp T_1.4;
T_1.2 ;
    %pushi/vec4 1, 0, 1;
    %store/vec4 v0x590153cdc630_0, 0, 1;
    %jmp T_1.4;
T_1.3 ;
    %pushi/vec4 1, 0, 1;
    %store/vec4 v0x590153cdc3b0_0, 0, 1;
    %jmp T_1.4;
T_1.4 ;
    %pop/vec4 1;
    %jmp T_1;
    .thread T_1, $push;
    .scope S_0x590153cdc900;
T_2 ;
    %wait E_0x590153c5c450;
    %load/vec4 v0x590153cdcd70_0;
    %flag_set/vec4 8;
    %jmp/0xz  T_2.0, 8;
    %pushi/vec4 0, 0, 8;
    %ix/load 3, 0, 0;
    %flag_set/imm 4, 0;
    %ix/load 4, 0, 0; Constant delay
    %assign/vec4/a/d v0x590153cdce10, 0, 4;
    %pushi/vec4 0, 0, 8;
    %ix/load 3, 1, 0;
    %flag_set/imm 4, 0;
    %ix/load 4, 0, 0; Constant delay
    %assign/vec4/a/d v0x590153cdce10, 0, 4;
    %pushi/vec4 0, 0, 8;
    %ix/load 3, 2, 0;
    %flag_set/imm 4, 0;
    %ix/load 4, 0, 0; Constant delay
    %assign/vec4/a/d v0x590153cdce10, 0, 4;
    %pushi/vec4 0, 0, 8;
    %ix/load 3, 3, 0;
    %flag_set/imm 4, 0;
    %ix/load 4, 0, 0; Constant delay
    %assign/vec4/a/d v0x590153cdce10, 0, 4;
    %jmp T_2.1;
T_2.0 ;
    %load/vec4 v0x590153cdccb0_0;
    %flag_set/vec4 8;
    %jmp/0xz  T_2.2, 8;
    %pushi/vec4 5, 0, 8;
    %ix/load 3, 0, 0;
    %flag_set/imm 4, 0;
    %ix/load 4, 0, 0; Constant delay
    %assign/vec4/a/d v0x590153cdce10, 0, 4;
    %pushi/vec4 7, 0, 8;
    %ix/load 3, 1, 0;
    %flag_set/imm 4, 0;
    %ix/load 4, 0, 0; Constant delay
    %assign/vec4/a/d v0x590153cdce10, 0, 4;
    %pushi/vec4 0, 0, 8;
    %ix/load 3, 2, 0;
    %flag_set/imm 4, 0;
    %ix/load 4, 0, 0; Constant delay
    %assign/vec4/a/d v0x590153cdce10, 0, 4;
    %pushi/vec4 0, 0, 8;
    %ix/load 3, 3, 0;
    %flag_set/imm 4, 0;
    %ix/load 4, 0, 0; Constant delay
    %assign/vec4/a/d v0x590153cdce10, 0, 4;
T_2.2 ;
T_2.1 ;
    %jmp T_2;
    .thread T_2;
    .scope S_0x590153c81c10;
T_3 ;
    %wait E_0x590153c5c450;
    %load/vec4 v0x590153c8df20_0;
    %flag_set/vec4 8;
    %jmp/0xz  T_3.0, 8;
    %pushi/vec4 0, 0, 8;
    %ix/load 3, 0, 0;
    %flag_set/imm 4, 0;
    %ix/load 4, 0, 0; Constant delay
    %assign/vec4/a/d v0x590153c96b60, 0, 4;
    %pushi/vec4 0, 0, 8;
    %ix/load 3, 1, 0;
    %flag_set/imm 4, 0;
    %ix/load 4, 0, 0; Constant delay
    %assign/vec4/a/d v0x590153c96b60, 0, 4;
    %pushi/vec4 0, 0, 8;
    %ix/load 3, 2, 0;
    %flag_set/imm 4, 0;
    %ix/load 4, 0, 0; Constant delay
    %assign/vec4/a/d v0x590153c96b60, 0, 4;
    %pushi/vec4 0, 0, 8;
    %ix/load 3, 3, 0;
    %flag_set/imm 4, 0;
    %ix/load 4, 0, 0; Constant delay
    %assign/vec4/a/d v0x590153c96b60, 0, 4;
    %jmp T_3.1;
T_3.0 ;
    %load/vec4 v0x590153c90de0_0;
    %flag_set/vec4 8;
    %jmp/0xz  T_3.2, 8;
    %pushi/vec4 1, 0, 8;
    %ix/load 3, 0, 0;
    %flag_set/imm 4, 0;
    %ix/load 4, 0, 0; Constant delay
    %assign/vec4/a/d v0x590153c96b60, 0, 4;
    %pushi/vec4 3, 0, 8;
    %ix/load 3, 1, 0;
    %flag_set/imm 4, 0;
    %ix/load 4, 0, 0; Constant delay
    %assign/vec4/a/d v0x590153c96b60, 0, 4;
    %pushi/vec4 0, 0, 8;
    %ix/load 3, 2, 0;
    %flag_set/imm 4, 0;
    %ix/load 4, 0, 0; Constant delay
    %assign/vec4/a/d v0x590153c96b60, 0, 4;
    %pushi/vec4 0, 0, 8;
    %ix/load 3, 3, 0;
    %flag_set/imm 4, 0;
    %ix/load 4, 0, 0; Constant delay
    %assign/vec4/a/d v0x590153c96b60, 0, 4;
T_3.2 ;
T_3.1 ;
    %jmp T_3;
    .thread T_3;
    .scope S_0x590153cc58b0;
T_4 ;
    %wait E_0x590153c5c450;
    %load/vec4 v0x590153cc6340_0;
    %flag_set/vec4 8;
    %jmp/0xz  T_4.0, 8;
    %pushi/vec4 0, 0, 8;
    %assign/vec4 v0x590153cc5e90_0, 0;
    %pushi/vec4 0, 0, 8;
    %assign/vec4 v0x590153cc64d0_0, 0;
    %pushi/vec4 0, 0, 32;
    %assign/vec4 v0x590153c85220_0, 0;
    %pushi/vec4 0, 0, 32;
    %assign/vec4 v0x590153cc6260_0, 0;
    %jmp T_4.1;
T_4.0 ;
    %load/vec4 v0x590153cc5db0_0;
    %assign/vec4 v0x590153cc5e90_0, 0;
    %load/vec4 v0x590153cc6410_0;
    %assign/vec4 v0x590153cc64d0_0, 0;
    %load/vec4 v0x590153cc5fc0_0;
    %flag_set/vec4 8;
    %jmp/0xz  T_4.2, 8;
    %pushi/vec4 0, 0, 32;
    %assign/vec4 v0x590153c85220_0, 0;
    %jmp T_4.3;
T_4.2 ;
    %load/vec4 v0x590153cc6120_0;
    %flag_set/vec4 8;
    %jmp/0xz  T_4.4, 8;
    %load/vec4 v0x590153c85220_0;
    %load/vec4 v0x590153cc61c0_0;
    %pad/s 32;
    %add;
    %assign/vec4 v0x590153c85220_0, 0;
T_4.4 ;
T_4.3 ;
    %load/vec4 v0x590153c85220_0;
    %assign/vec4 v0x590153cc6260_0, 0;
T_4.1 ;
    %jmp T_4;
    .thread T_4;
    .scope S_0x590153cc6960;
T_5 ;
    %wait E_0x590153c5c450;
    %load/vec4 v0x590153cc7780_0;
    %flag_set/vec4 8;
    %jmp/0xz  T_5.0, 8;
    %pushi/vec4 0, 0, 8;
    %assign/vec4 v0x590153cc7250_0, 0;
    %pushi/vec4 0, 0, 8;
    %assign/vec4 v0x590153cc7900_0, 0;
    %pushi/vec4 0, 0, 32;
    %assign/vec4 v0x590153cc7070_0, 0;
    %pushi/vec4 0, 0, 32;
    %assign/vec4 v0x590153cc76a0_0, 0;
    %jmp T_5.1;
T_5.0 ;
    %load/vec4 v0x590153cc7160_0;
    %assign/vec4 v0x590153cc7250_0, 0;
    %load/vec4 v0x590153cc7820_0;
    %assign/vec4 v0x590153cc7900_0, 0;
    %load/vec4 v0x590153cc7360_0;
    %flag_set/vec4 8;
    %jmp/0xz  T_5.2, 8;
    %pushi/vec4 0, 0, 32;
    %assign/vec4 v0x590153cc7070_0, 0;
    %jmp T_5.3;
T_5.2 ;
    %load/vec4 v0x590153cc74f0_0;
    %flag_set/vec4 8;
    %jmp/0xz  T_5.4, 8;
    %load/vec4 v0x590153cc7070_0;
    %load/vec4 v0x590153cc75e0_0;
    %pad/s 32;
    %add;
    %assign/vec4 v0x590153cc7070_0, 0;
T_5.4 ;
T_5.3 ;
    %load/vec4 v0x590153cc7070_0;
    %assign/vec4 v0x590153cc76a0_0, 0;
T_5.1 ;
    %jmp T_5;
    .thread T_5;
    .scope S_0x590153cc7dc0;
T_6 ;
    %wait E_0x590153c5c450;
    %load/vec4 v0x590153cc8b50_0;
    %flag_set/vec4 8;
    %jmp/0xz  T_6.0, 8;
    %pushi/vec4 0, 0, 8;
    %assign/vec4 v0x590153cc8650_0, 0;
    %pushi/vec4 0, 0, 8;
    %assign/vec4 v0x590153cc8cd0_0, 0;
    %pushi/vec4 0, 0, 32;
    %assign/vec4 v0x590153cc8470_0, 0;
    %pushi/vec4 0, 0, 32;
    %assign/vec4 v0x590153cc8a70_0, 0;
    %jmp T_6.1;
T_6.0 ;
    %load/vec4 v0x590153cc8560_0;
    %assign/vec4 v0x590153cc8650_0, 0;
    %load/vec4 v0x590153cc8bf0_0;
    %assign/vec4 v0x590153cc8cd0_0, 0;
    %load/vec4 v0x590153cc8760_0;
    %flag_set/vec4 8;
    %jmp/0xz  T_6.2, 8;
    %pushi/vec4 0, 0, 32;
    %assign/vec4 v0x590153cc8470_0, 0;
    %jmp T_6.3;
T_6.2 ;
    %load/vec4 v0x590153cc88f0_0;
    %flag_set/vec4 8;
    %jmp/0xz  T_6.4, 8;
    %load/vec4 v0x590153cc8470_0;
    %load/vec4 v0x590153cc8990_0;
    %pad/s 32;
    %add;
    %assign/vec4 v0x590153cc8470_0, 0;
T_6.4 ;
T_6.3 ;
    %load/vec4 v0x590153cc8470_0;
    %assign/vec4 v0x590153cc8a70_0, 0;
T_6.1 ;
    %jmp T_6;
    .thread T_6;
    .scope S_0x590153cc9160;
T_7 ;
    %wait E_0x590153c5c450;
    %load/vec4 v0x590153cc9fc0_0;
    %flag_set/vec4 8;
    %jmp/0xz  T_7.0, 8;
    %pushi/vec4 0, 0, 8;
    %assign/vec4 v0x590153cc99f0_0, 0;
    %pushi/vec4 0, 0, 8;
    %assign/vec4 v0x590153cca1d0_0, 0;
    %pushi/vec4 0, 0, 32;
    %assign/vec4 v0x590153cc9810_0, 0;
    %pushi/vec4 0, 0, 32;
    %assign/vec4 v0x590153cc9ee0_0, 0;
    %jmp T_7.1;
T_7.0 ;
    %load/vec4 v0x590153cc9900_0;
    %assign/vec4 v0x590153cc99f0_0, 0;
    %load/vec4 v0x590153cca0f0_0;
    %assign/vec4 v0x590153cca1d0_0, 0;
    %load/vec4 v0x590153cc9b00_0;
    %flag_set/vec4 8;
    %jmp/0xz  T_7.2, 8;
    %pushi/vec4 0, 0, 32;
    %assign/vec4 v0x590153cc9810_0, 0;
    %jmp T_7.3;
T_7.2 ;
    %load/vec4 v0x590153cc9c40_0;
    %flag_set/vec4 8;
    %jmp/0xz  T_7.4, 8;
    %load/vec4 v0x590153cc9810_0;
    %load/vec4 v0x590153cc9d70_0;
    %pad/s 32;
    %add;
    %assign/vec4 v0x590153cc9810_0, 0;
T_7.4 ;
T_7.3 ;
    %load/vec4 v0x590153cc9810_0;
    %assign/vec4 v0x590153cc9ee0_0, 0;
T_7.1 ;
    %jmp T_7;
    .thread T_7;
    .scope S_0x590153cca850;
T_8 ;
    %wait E_0x590153c5c450;
    %load/vec4 v0x590153ccb660_0;
    %flag_set/vec4 8;
    %jmp/0xz  T_8.0, 8;
    %pushi/vec4 0, 0, 8;
    %assign/vec4 v0x590153ccb100_0, 0;
    %pushi/vec4 0, 0, 8;
    %assign/vec4 v0x590153ccb7c0_0, 0;
    %pushi/vec4 0, 0, 32;
    %assign/vec4 v0x590153ccaf30_0, 0;
    %pushi/vec4 0, 0, 32;
    %assign/vec4 v0x590153ccb580_0, 0;
    %jmp T_8.1;
T_8.0 ;
    %load/vec4 v0x590153ccb020_0;
    %assign/vec4 v0x590153ccb100_0, 0;
    %load/vec4 v0x590153ccb700_0;
    %assign/vec4 v0x590153ccb7c0_0, 0;
    %load/vec4 v0x590153ccb230_0;
    %flag_set/vec4 8;
    %jmp/0xz  T_8.2, 8;
    %pushi/vec4 0, 0, 32;
    %assign/vec4 v0x590153ccaf30_0, 0;
    %jmp T_8.3;
T_8.2 ;
    %load/vec4 v0x590153ccb370_0;
    %flag_set/vec4 8;
    %jmp/0xz  T_8.4, 8;
    %load/vec4 v0x590153ccaf30_0;
    %load/vec4 v0x590153ccb410_0;
    %pad/s 32;
    %add;
    %assign/vec4 v0x590153ccaf30_0, 0;
T_8.4 ;
T_8.3 ;
    %load/vec4 v0x590153ccaf30_0;
    %assign/vec4 v0x590153ccb580_0, 0;
T_8.1 ;
    %jmp T_8;
    .thread T_8;
    .scope S_0x590153ccbbe0;
T_9 ;
    %wait E_0x590153c5c450;
    %load/vec4 v0x590153ccc980_0;
    %flag_set/vec4 8;
    %jmp/0xz  T_9.0, 8;
    %pushi/vec4 0, 0, 8;
    %assign/vec4 v0x590153ccc4d0_0, 0;
    %pushi/vec4 0, 0, 8;
    %assign/vec4 v0x590153cccae0_0, 0;
    %pushi/vec4 0, 0, 32;
    %assign/vec4 v0x590153ccc2f0_0, 0;
    %pushi/vec4 0, 0, 32;
    %assign/vec4 v0x590153ccc8a0_0, 0;
    %jmp T_9.1;
T_9.0 ;
    %load/vec4 v0x590153ccc3e0_0;
    %assign/vec4 v0x590153ccc4d0_0, 0;
    %load/vec4 v0x590153ccca20_0;
    %assign/vec4 v0x590153cccae0_0, 0;
    %load/vec4 v0x590153ccc5e0_0;
    %flag_set/vec4 8;
    %jmp/0xz  T_9.2, 8;
    %pushi/vec4 0, 0, 32;
    %assign/vec4 v0x590153ccc2f0_0, 0;
    %jmp T_9.3;
T_9.2 ;
    %load/vec4 v0x590153ccc720_0;
    %flag_set/vec4 8;
    %jmp/0xz  T_9.4, 8;
    %load/vec4 v0x590153ccc2f0_0;
    %load/vec4 v0x590153ccc7c0_0;
    %pad/s 32;
    %add;
    %assign/vec4 v0x590153ccc2f0_0, 0;
T_9.4 ;
T_9.3 ;
    %load/vec4 v0x590153ccc2f0_0;
    %assign/vec4 v0x590153ccc8a0_0, 0;
T_9.1 ;
    %jmp T_9;
    .thread T_9;
    .scope S_0x590153cccf60;
T_10 ;
    %wait E_0x590153c5c450;
    %load/vec4 v0x590153ccdd00_0;
    %flag_set/vec4 8;
    %jmp/0xz  T_10.0, 8;
    %pushi/vec4 0, 0, 8;
    %assign/vec4 v0x590153ccd850_0, 0;
    %pushi/vec4 0, 0, 8;
    %assign/vec4 v0x590153ccde60_0, 0;
    %pushi/vec4 0, 0, 32;
    %assign/vec4 v0x590153ccd670_0, 0;
    %pushi/vec4 0, 0, 32;
    %assign/vec4 v0x590153ccdc20_0, 0;
    %jmp T_10.1;
T_10.0 ;
    %load/vec4 v0x590153ccd760_0;
    %assign/vec4 v0x590153ccd850_0, 0;
    %load/vec4 v0x590153ccdda0_0;
    %assign/vec4 v0x590153ccde60_0, 0;
    %load/vec4 v0x590153ccd960_0;
    %flag_set/vec4 8;
    %jmp/0xz  T_10.2, 8;
    %pushi/vec4 0, 0, 32;
    %assign/vec4 v0x590153ccd670_0, 0;
    %jmp T_10.3;
T_10.2 ;
    %load/vec4 v0x590153ccdaa0_0;
    %flag_set/vec4 8;
    %jmp/0xz  T_10.4, 8;
    %load/vec4 v0x590153ccd670_0;
    %load/vec4 v0x590153ccdb40_0;
    %pad/s 32;
    %add;
    %assign/vec4 v0x590153ccd670_0, 0;
T_10.4 ;
T_10.3 ;
    %load/vec4 v0x590153ccd670_0;
    %assign/vec4 v0x590153ccdc20_0, 0;
T_10.1 ;
    %jmp T_10;
    .thread T_10;
    .scope S_0x590153cce2d0;
T_11 ;
    %wait E_0x590153c5c450;
    %load/vec4 v0x590153ccf290_0;
    %flag_set/vec4 8;
    %jmp/0xz  T_11.0, 8;
    %pushi/vec4 0, 0, 8;
    %assign/vec4 v0x590153ccebc0_0, 0;
    %pushi/vec4 0, 0, 8;
    %assign/vec4 v0x590153ccf500_0, 0;
    %pushi/vec4 0, 0, 32;
    %assign/vec4 v0x590153cce9e0_0, 0;
    %pushi/vec4 0, 0, 32;
    %assign/vec4 v0x590153ccf1b0_0, 0;
    %jmp T_11.1;
T_11.0 ;
    %load/vec4 v0x590153ccead0_0;
    %assign/vec4 v0x590153ccebc0_0, 0;
    %load/vec4 v0x590153ccf440_0;
    %assign/vec4 v0x590153ccf500_0, 0;
    %load/vec4 v0x590153ccecd0_0;
    %flag_set/vec4 8;
    %jmp/0xz  T_11.2, 8;
    %pushi/vec4 0, 0, 32;
    %assign/vec4 v0x590153cce9e0_0, 0;
    %jmp T_11.3;
T_11.2 ;
    %load/vec4 v0x590153ccef20_0;
    %flag_set/vec4 8;
    %jmp/0xz  T_11.4, 8;
    %load/vec4 v0x590153cce9e0_0;
    %load/vec4 v0x590153ccf0d0_0;
    %pad/s 32;
    %add;
    %assign/vec4 v0x590153cce9e0_0, 0;
T_11.4 ;
T_11.3 ;
    %load/vec4 v0x590153cce9e0_0;
    %assign/vec4 v0x590153ccf1b0_0, 0;
T_11.1 ;
    %jmp T_11;
    .thread T_11;
    .scope S_0x590153ccfc50;
T_12 ;
    %wait E_0x590153c5c450;
    %load/vec4 v0x590153cd09f0_0;
    %flag_set/vec4 8;
    %jmp/0xz  T_12.0, 8;
    %pushi/vec4 0, 0, 8;
    %assign/vec4 v0x590153cd0410_0, 0;
    %pushi/vec4 0, 0, 8;
    %assign/vec4 v0x590153cd0b50_0, 0;
    %pushi/vec4 0, 0, 32;
    %assign/vec4 v0x590153cd0240_0, 0;
    %pushi/vec4 0, 0, 32;
    %assign/vec4 v0x590153cd0910_0, 0;
    %jmp T_12.1;
T_12.0 ;
    %load/vec4 v0x590153cd0330_0;
    %assign/vec4 v0x590153cd0410_0, 0;
    %load/vec4 v0x590153cd0a90_0;
    %assign/vec4 v0x590153cd0b50_0, 0;
    %load/vec4 v0x590153cd0540_0;
    %flag_set/vec4 8;
    %jmp/0xz  T_12.2, 8;
    %pushi/vec4 0, 0, 32;
    %assign/vec4 v0x590153cd0240_0, 0;
    %jmp T_12.3;
T_12.2 ;
    %load/vec4 v0x590153cd0790_0;
    %flag_set/vec4 8;
    %jmp/0xz  T_12.4, 8;
    %load/vec4 v0x590153cd0240_0;
    %load/vec4 v0x590153cd0830_0;
    %pad/s 32;
    %add;
    %assign/vec4 v0x590153cd0240_0, 0;
T_12.4 ;
T_12.3 ;
    %load/vec4 v0x590153cd0240_0;
    %assign/vec4 v0x590153cd0910_0, 0;
T_12.1 ;
    %jmp T_12;
    .thread T_12;
    .scope S_0x590153cd0fc0;
T_13 ;
    %wait E_0x590153c5c450;
    %load/vec4 v0x590153cd1c40_0;
    %flag_set/vec4 8;
    %jmp/0xz  T_13.0, 8;
    %pushi/vec4 0, 0, 8;
    %assign/vec4 v0x590153cd1790_0, 0;
    %pushi/vec4 0, 0, 8;
    %assign/vec4 v0x590153cd1da0_0, 0;
    %pushi/vec4 0, 0, 32;
    %assign/vec4 v0x590153cd15b0_0, 0;
    %pushi/vec4 0, 0, 32;
    %assign/vec4 v0x590153cd1b60_0, 0;
    %jmp T_13.1;
T_13.0 ;
    %load/vec4 v0x590153cd16a0_0;
    %assign/vec4 v0x590153cd1790_0, 0;
    %load/vec4 v0x590153cd1ce0_0;
    %assign/vec4 v0x590153cd1da0_0, 0;
    %load/vec4 v0x590153cd18a0_0;
    %flag_set/vec4 8;
    %jmp/0xz  T_13.2, 8;
    %pushi/vec4 0, 0, 32;
    %assign/vec4 v0x590153cd15b0_0, 0;
    %jmp T_13.3;
T_13.2 ;
    %load/vec4 v0x590153cd19e0_0;
    %flag_set/vec4 8;
    %jmp/0xz  T_13.4, 8;
    %load/vec4 v0x590153cd15b0_0;
    %load/vec4 v0x590153cd1a80_0;
    %pad/s 32;
    %add;
    %assign/vec4 v0x590153cd15b0_0, 0;
T_13.4 ;
T_13.3 ;
    %load/vec4 v0x590153cd15b0_0;
    %assign/vec4 v0x590153cd1b60_0, 0;
T_13.1 ;
    %jmp T_13;
    .thread T_13;
    .scope S_0x590153cd2220;
T_14 ;
    %wait E_0x590153c5c450;
    %load/vec4 v0x590153cd2fc0_0;
    %flag_set/vec4 8;
    %jmp/0xz  T_14.0, 8;
    %pushi/vec4 0, 0, 8;
    %assign/vec4 v0x590153cd2b10_0, 0;
    %pushi/vec4 0, 0, 8;
    %assign/vec4 v0x590153cd3120_0, 0;
    %pushi/vec4 0, 0, 32;
    %assign/vec4 v0x590153cd2930_0, 0;
    %pushi/vec4 0, 0, 32;
    %assign/vec4 v0x590153cd2ee0_0, 0;
    %jmp T_14.1;
T_14.0 ;
    %load/vec4 v0x590153cd2a20_0;
    %assign/vec4 v0x590153cd2b10_0, 0;
    %load/vec4 v0x590153cd3060_0;
    %assign/vec4 v0x590153cd3120_0, 0;
    %load/vec4 v0x590153cd2c20_0;
    %flag_set/vec4 8;
    %jmp/0xz  T_14.2, 8;
    %pushi/vec4 0, 0, 32;
    %assign/vec4 v0x590153cd2930_0, 0;
    %jmp T_14.3;
T_14.2 ;
    %load/vec4 v0x590153cd2d60_0;
    %flag_set/vec4 8;
    %jmp/0xz  T_14.4, 8;
    %load/vec4 v0x590153cd2930_0;
    %load/vec4 v0x590153cd2e00_0;
    %pad/s 32;
    %add;
    %assign/vec4 v0x590153cd2930_0, 0;
T_14.4 ;
T_14.3 ;
    %load/vec4 v0x590153cd2930_0;
    %assign/vec4 v0x590153cd2ee0_0, 0;
T_14.1 ;
    %jmp T_14;
    .thread T_14;
    .scope S_0x590153cd3590;
T_15 ;
    %wait E_0x590153c5c450;
    %load/vec4 v0x590153cd4330_0;
    %flag_set/vec4 8;
    %jmp/0xz  T_15.0, 8;
    %pushi/vec4 0, 0, 8;
    %assign/vec4 v0x590153cd3e80_0, 0;
    %pushi/vec4 0, 0, 8;
    %assign/vec4 v0x590153cd4490_0, 0;
    %pushi/vec4 0, 0, 32;
    %assign/vec4 v0x590153cd3ca0_0, 0;
    %pushi/vec4 0, 0, 32;
    %assign/vec4 v0x590153cd4250_0, 0;
    %jmp T_15.1;
T_15.0 ;
    %load/vec4 v0x590153cd3d90_0;
    %assign/vec4 v0x590153cd3e80_0, 0;
    %load/vec4 v0x590153cd43d0_0;
    %assign/vec4 v0x590153cd4490_0, 0;
    %load/vec4 v0x590153cd3f90_0;
    %flag_set/vec4 8;
    %jmp/0xz  T_15.2, 8;
    %pushi/vec4 0, 0, 32;
    %assign/vec4 v0x590153cd3ca0_0, 0;
    %jmp T_15.3;
T_15.2 ;
    %load/vec4 v0x590153cd40d0_0;
    %flag_set/vec4 8;
    %jmp/0xz  T_15.4, 8;
    %load/vec4 v0x590153cd3ca0_0;
    %load/vec4 v0x590153cd4170_0;
    %pad/s 32;
    %add;
    %assign/vec4 v0x590153cd3ca0_0, 0;
T_15.4 ;
T_15.3 ;
    %load/vec4 v0x590153cd3ca0_0;
    %assign/vec4 v0x590153cd4250_0, 0;
T_15.1 ;
    %jmp T_15;
    .thread T_15;
    .scope S_0x590153cd4be0;
T_16 ;
    %wait E_0x590153c5c450;
    %load/vec4 v0x590153cd5990_0;
    %flag_set/vec4 8;
    %jmp/0xz  T_16.0, 8;
    %pushi/vec4 0, 0, 8;
    %assign/vec4 v0x590153cd54c0_0, 0;
    %pushi/vec4 0, 0, 8;
    %assign/vec4 v0x590153cd5af0_0, 0;
    %pushi/vec4 0, 0, 32;
    %assign/vec4 v0x590153cd52f0_0, 0;
    %pushi/vec4 0, 0, 32;
    %assign/vec4 v0x590153cd58b0_0, 0;
    %jmp T_16.1;
T_16.0 ;
    %load/vec4 v0x590153cd53e0_0;
    %assign/vec4 v0x590153cd54c0_0, 0;
    %load/vec4 v0x590153cd5a30_0;
    %assign/vec4 v0x590153cd5af0_0, 0;
    %load/vec4 v0x590153cd55f0_0;
    %flag_set/vec4 8;
    %jmp/0xz  T_16.2, 8;
    %pushi/vec4 0, 0, 32;
    %assign/vec4 v0x590153cd52f0_0, 0;
    %jmp T_16.3;
T_16.2 ;
    %load/vec4 v0x590153cd5730_0;
    %flag_set/vec4 8;
    %jmp/0xz  T_16.4, 8;
    %load/vec4 v0x590153cd52f0_0;
    %load/vec4 v0x590153cd57d0_0;
    %pad/s 32;
    %add;
    %assign/vec4 v0x590153cd52f0_0, 0;
T_16.4 ;
T_16.3 ;
    %load/vec4 v0x590153cd52f0_0;
    %assign/vec4 v0x590153cd58b0_0, 0;
T_16.1 ;
    %jmp T_16;
    .thread T_16;
    .scope S_0x590153cd5f60;
T_17 ;
    %wait E_0x590153c5c450;
    %load/vec4 v0x590153cd6d00_0;
    %flag_set/vec4 8;
    %jmp/0xz  T_17.0, 8;
    %pushi/vec4 0, 0, 8;
    %assign/vec4 v0x590153cd6850_0, 0;
    %pushi/vec4 0, 0, 8;
    %assign/vec4 v0x590153cd6e60_0, 0;
    %pushi/vec4 0, 0, 32;
    %assign/vec4 v0x590153cd6670_0, 0;
    %pushi/vec4 0, 0, 32;
    %assign/vec4 v0x590153cd6c20_0, 0;
    %jmp T_17.1;
T_17.0 ;
    %load/vec4 v0x590153cd6760_0;
    %assign/vec4 v0x590153cd6850_0, 0;
    %load/vec4 v0x590153cd6da0_0;
    %assign/vec4 v0x590153cd6e60_0, 0;
    %load/vec4 v0x590153cd6960_0;
    %flag_set/vec4 8;
    %jmp/0xz  T_17.2, 8;
    %pushi/vec4 0, 0, 32;
    %assign/vec4 v0x590153cd6670_0, 0;
    %jmp T_17.3;
T_17.2 ;
    %load/vec4 v0x590153cd6aa0_0;
    %flag_set/vec4 8;
    %jmp/0xz  T_17.4, 8;
    %load/vec4 v0x590153cd6670_0;
    %load/vec4 v0x590153cd6b40_0;
    %pad/s 32;
    %add;
    %assign/vec4 v0x590153cd6670_0, 0;
T_17.4 ;
T_17.3 ;
    %load/vec4 v0x590153cd6670_0;
    %assign/vec4 v0x590153cd6c20_0, 0;
T_17.1 ;
    %jmp T_17;
    .thread T_17;
    .scope S_0x590153cd72e0;
T_18 ;
    %wait E_0x590153c5c450;
    %load/vec4 v0x590153cd8080_0;
    %flag_set/vec4 8;
    %jmp/0xz  T_18.0, 8;
    %pushi/vec4 0, 0, 8;
    %assign/vec4 v0x590153cd7bd0_0, 0;
    %pushi/vec4 0, 0, 8;
    %assign/vec4 v0x590153cd81e0_0, 0;
    %pushi/vec4 0, 0, 32;
    %assign/vec4 v0x590153cd79f0_0, 0;
    %pushi/vec4 0, 0, 32;
    %assign/vec4 v0x590153cd7fa0_0, 0;
    %jmp T_18.1;
T_18.0 ;
    %load/vec4 v0x590153cd7ae0_0;
    %assign/vec4 v0x590153cd7bd0_0, 0;
    %load/vec4 v0x590153cd8120_0;
    %assign/vec4 v0x590153cd81e0_0, 0;
    %load/vec4 v0x590153cd7ce0_0;
    %flag_set/vec4 8;
    %jmp/0xz  T_18.2, 8;
    %pushi/vec4 0, 0, 32;
    %assign/vec4 v0x590153cd79f0_0, 0;
    %jmp T_18.3;
T_18.2 ;
    %load/vec4 v0x590153cd7e20_0;
    %flag_set/vec4 8;
    %jmp/0xz  T_18.4, 8;
    %load/vec4 v0x590153cd79f0_0;
    %load/vec4 v0x590153cd7ec0_0;
    %pad/s 32;
    %add;
    %assign/vec4 v0x590153cd79f0_0, 0;
T_18.4 ;
T_18.3 ;
    %load/vec4 v0x590153cd79f0_0;
    %assign/vec4 v0x590153cd7fa0_0, 0;
T_18.1 ;
    %jmp T_18;
    .thread T_18;
    .scope S_0x590153cd8650;
T_19 ;
    %wait E_0x590153c5c450;
    %load/vec4 v0x590153cd9810_0;
    %flag_set/vec4 8;
    %jmp/0xz  T_19.0, 8;
    %pushi/vec4 0, 0, 8;
    %assign/vec4 v0x590153cd8f40_0, 0;
    %pushi/vec4 0, 0, 8;
    %assign/vec4 v0x590153cd9b80_0, 0;
    %pushi/vec4 0, 0, 32;
    %assign/vec4 v0x590153cd8d60_0, 0;
    %pushi/vec4 0, 0, 32;
    %assign/vec4 v0x590153cd9730_0, 0;
    %jmp T_19.1;
T_19.0 ;
    %load/vec4 v0x590153cd8e50_0;
    %assign/vec4 v0x590153cd8f40_0, 0;
    %load/vec4 v0x590153cd9ac0_0;
    %assign/vec4 v0x590153cd9b80_0, 0;
    %load/vec4 v0x590153cd9050_0;
    %flag_set/vec4 8;
    %jmp/0xz  T_19.2, 8;
    %pushi/vec4 0, 0, 32;
    %assign/vec4 v0x590153cd8d60_0, 0;
    %jmp T_19.3;
T_19.2 ;
    %load/vec4 v0x590153cd93a0_0;
    %flag_set/vec4 8;
    %jmp/0xz  T_19.4, 8;
    %load/vec4 v0x590153cd8d60_0;
    %load/vec4 v0x590153cd9650_0;
    %pad/s 32;
    %add;
    %assign/vec4 v0x590153cd8d60_0, 0;
T_19.4 ;
T_19.3 ;
    %load/vec4 v0x590153cd8d60_0;
    %assign/vec4 v0x590153cd9730_0, 0;
T_19.1 ;
    %jmp T_19;
    .thread T_19;
# The file index is used to find the file name in the following table.
:file_names 9;
    "N/A";
    "<interactive>";
    "-";
    "RTL/Day12/accelerator_top.v";
    "RTL/Day12/Loader/activation_loader.v";
    "RTL/Day12/systolic_array_4x4.v";
    "RTL/Day12/pe_unit.v";
    "RTL/Day12/Controller/controller_fsm.v";
    "RTL/Day12/Loader/weight_loader.v";
